Component: ARM Compiler 5.06 update 4 (build 422) Tool: armlink [4d35d2]

==============================================================================

Section Cross References

    application.o(.text) refers to mpu6500.o(.text) for MPU6500::mpu_init(unsigned char, unsigned char)
    application.o(.text) refers to thread.o(.text) for rt_thread_create
    application.o(.text) refers to application.o(.bss) for imu
    application.o(.ARM.exidx) refers to application.o(.text) for .text
    application.o(.init_array) refers to application.o(.text) for __sti___15_application_cpp_imu
    application.o(.init_array) refers to init_aeabi.o(.text) for __cpp_initialize__aeabi_
    startup.o(.text) refers to kservice.o(.text) for rt_kprintf
    startup.o(.text) refers to board.o(.text) for rt_hw_board_init
    startup.o(.text) refers to clock.o(.text) for rt_system_tick_init
    startup.o(.text) refers to object.o(.text) for rt_system_object_init
    startup.o(.text) refers to timer.o(.text) for rt_system_timer_init
    startup.o(.text) refers to mem.o(.text) for rt_system_heap_init
    startup.o(.text) refers to scheduler.o(.text) for rt_system_scheduler_init
    startup.o(.text) refers to application.o(.text) for rt_application_init
    startup.o(.text) refers to shell.o(.text) for finsh_system_init
    startup.o(.text) refers to idle.o(.text) for rt_thread_idle_init
    startup.o(.text) refers to context_rvds.o(.text) for rt_hw_interrupt_disable
    startup.o(.ARM.exidx) refers to startup.o(.text) for .text
    board.o(.text) refers to misc.o(.text) for NVIC_SetVectorTable
    board.o(.text) refers to stm32f4xx_rcc.o(.text) for RCC_GetClocksFreq
    board.o(.text) refers to irq.o(.text) for rt_interrupt_enter
    board.o(.text) refers to clock.o(.text) for rt_tick_increase
    board.o(.text) refers to usart.o(.text) for stm32_hw_usart_init
    board.o(.text) refers to gpio.o(.text) for stm32_hw_pin_init
    board.o(.text) refers to hardward_bus.o(.text) for rt_hw_spi1_init
    board.o(.text) refers to kservice.o(.text) for rt_console_set_device
    usart.o(.text) refers to kservice.o(.text) for rt_assert_handler
    usart.o(.text) refers to stm32f4xx_usart.o(.text) for USART_Init
    usart.o(.text) refers to stm32f4xx_dma.o(.text) for DMA_DeInit
    usart.o(.text) refers to stm32f4xx_rcc.o(.text) for RCC_AHB1PeriphClockCmd
    usart.o(.text) refers to misc.o(.text) for NVIC_Init
    usart.o(.text) refers to serial.o(.text) for rt_hw_serial_isr
    usart.o(.text) refers to irq.o(.text) for rt_interrupt_enter
    usart.o(.text) refers to usart.o(.constdata) for __FUNCTION__
    usart.o(.text) refers to usart.o(.bss) for serial1
    usart.o(.text) refers to stm32f4xx_gpio.o(.text) for GPIO_Init
    usart.o(.text) refers to usart.o(.data) for uart1
    usart.o(.constdata) refers to usart.o(.text) for stm32_configure
    gpio.o(.text) refers to stm32f4xx_gpio.o(.text) for GPIO_ResetBits
    gpio.o(.text) refers to stm32f4xx_rcc.o(.text) for RCC_AHB1PeriphClockCmd
    gpio.o(.text) refers to pin.o(.text) for rt_device_pin_register
    gpio.o(.text) refers to gpio.o(.constdata) for pins
    gpio.o(.constdata) refers to gpio.o(.text) for stm32_pin_mode
    system_stm32f4xx.o(.text) refers to system_stm32f4xx.o(.data) for SystemCoreClock
    misc.o(.text) refers to startup.o(.text) for assert_failed
    stm32f4xx_adc.o(.text) refers to stm32f4xx_rcc.o(.text) for RCC_APB2PeriphResetCmd
    stm32f4xx_adc.o(.text) refers to startup.o(.text) for assert_failed
    stm32f4xx_can.o(.text) refers to startup.o(.text) for assert_failed
    stm32f4xx_can.o(.text) refers to stm32f4xx_rcc.o(.text) for RCC_APB1PeriphResetCmd
    stm32f4xx_cryp.o(.text) refers to stm32f4xx_rcc.o(.text) for RCC_AHB2PeriphResetCmd
    stm32f4xx_cryp.o(.text) refers to startup.o(.text) for assert_failed
    stm32f4xx_cryp_aes.o(.text) refers to stm32f4xx_cryp.o(.text) for CRYP_KeyStructInit
    stm32f4xx_cryp_des.o(.text) refers to stm32f4xx_cryp.o(.text) for CRYP_KeyStructInit
    stm32f4xx_cryp_tdes.o(.text) refers to stm32f4xx_cryp.o(.text) for CRYP_KeyStructInit
    stm32f4xx_dac.o(.text) refers to stm32f4xx_rcc.o(.text) for RCC_APB1PeriphResetCmd
    stm32f4xx_dac.o(.text) refers to startup.o(.text) for assert_failed
    stm32f4xx_dbgmcu.o(.text) refers to startup.o(.text) for assert_failed
    stm32f4xx_dcmi.o(.text) refers to startup.o(.text) for assert_failed
    stm32f4xx_dma.o(.text) refers to startup.o(.text) for assert_failed
    stm32f4xx_exti.o(.text) refers to startup.o(.text) for assert_failed
    stm32f4xx_flash.o(.text) refers to startup.o(.text) for assert_failed
    stm32f4xx_fsmc.o(.text) refers to startup.o(.text) for assert_failed
    stm32f4xx_gpio.o(.text) refers to startup.o(.text) for assert_failed
    stm32f4xx_gpio.o(.text) refers to stm32f4xx_rcc.o(.text) for RCC_AHB1PeriphResetCmd
    stm32f4xx_hash.o(.text) refers to stm32f4xx_rcc.o(.text) for RCC_AHB2PeriphResetCmd
[...]
    DMA_GetFlagStatus                        0x08001c0f   Thumb Code   486  stm32f4xx_dma.o(.text)
    DMA_ClearFlag                            0x08001df5   Thumb Code   220  stm32f4xx_dma.o(.text)
    DMA_ITConfig                             0x08001ed1   Thumb Code   244  stm32f4xx_dma.o(.text)
    DMA_GetITStatus                          0x08001fc5   Thumb Code   590  stm32f4xx_dma.o(.text)
    DMA_ClearITPendingBit                    0x08002213   Thumb Code   222  stm32f4xx_dma.o(.text)
    GPIO_DeInit                              0x08002395   Thumb Code   284  stm32f4xx_gpio.o(.text)
    GPIO_Init                                0x080024b1   Thumb Code   342  stm32f4xx_gpio.o(.text)
    GPIO_StructInit                          0x08002607   Thumb Code    18  stm32f4xx_gpio.o(.text)
    GPIO_PinLockConfig                       0x08002619   Thumb Code   122  stm32f4xx_gpio.o(.text)
    GPIO_ReadInputDataBit                    0x08002693   Thumb Code   182  stm32f4xx_gpio.o(.text)
    GPIO_ReadInputData                       0x08002749   Thumb Code   174  stm32f4xx_gpio.o(.text)
    GPIO_ReadOutputDataBit                   0x080027f7   Thumb Code   186  stm32f4xx_gpio.o(.text)
    GPIO_ReadOutputData                      0x080028b1   Thumb Code    78  stm32f4xx_gpio.o(.text)
    GPIO_SetBits                             0x080028ff   Thumb Code    98  stm32f4xx_gpio.o(.text)
    GPIO_ResetBits                           0x08002961   Thumb Code    98  stm32f4xx_gpio.o(.text)
    GPIO_WriteBit                            0x080029c3   Thumb Code   200  stm32f4xx_gpio.o(.text)
    GPIO_Write                               0x08002a8b   Thumb Code    78  stm32f4xx_gpio.o(.text)
    GPIO_ToggleBits                          0x08002ad9   Thumb Code    82  stm32f4xx_gpio.o(.text)
    GPIO_PinAFConfig                         0x08002b2b   Thumb Code   384  stm32f4xx_gpio.o(.text)
    RCC_DeInit                               0x08002cad   Thumb Code    60  stm32f4xx_rcc.o(.text)
    RCC_HSEConfig                            0x08002ce9   Thumb Code    38  stm32f4xx_rcc.o(.text)
    RCC_GetFlagStatus                        0x08002d0f   Thumb Code   130  stm32f4xx_rcc.o(.text)
    RCC_WaitForHSEStartUp                    0x08002d91   Thumb Code    56  stm32f4xx_rcc.o(.text)
    RCC_AdjustHSICalibrationValue            0x08002dc9   Thumb Code    38  stm32f4xx_rcc.o(.text)
    RCC_HSICmd                               0x08002def   Thumb Code    28  stm32f4xx_rcc.o(.text)
    RCC_LSEConfig                            0x08002e0b   Thumb Code    72  stm32f4xx_rcc.o(.text)
    RCC_LSICmd                               0x08002e53   Thumb Code    28  stm32f4xx_rcc.o(.text)
    RCC_PLLConfig                            0x08002e6f   Thumb Code   156  stm32f4xx_rcc.o(.text)
    RCC_PLLCmd                               0x08002f0b   Thumb Code    28  stm32f4xx_rcc.o(.text)
    RCC_PLLI2SConfig                         0x08002f27   Thumb Code    62  stm32f4xx_rcc.o(.text)
    RCC_PLLI2SCmd                            0x08002f65   Thumb Code    28  stm32f4xx_rcc.o(.text)
    RCC_ClockSecuritySystemCmd               0x08002f81   Thumb Code    28  stm32f4xx_rcc.o(.text)
    RCC_MCO1Config                           0x08002f9d   Thumb Code   102  stm32f4xx_rcc.o(.text)
    RCC_MCO2Config                           0x08003003   Thumb Code   102  stm32f4xx_rcc.o(.text)
    RCC_SYSCLKConfig                         0x08003069   Thumb Code   124  stm32f4xx_rcc.o(.text)
    RCC_GetSYSCLKSource                      0x080030e5   Thumb Code    10  stm32f4xx_rcc.o(.text)
    RCC_HCLKConfig                           0x080030ef   Thumb Code    68  stm32f4xx_rcc.o(.text)
    RCC_PCLK1Config                          0x08003133   Thumb Code    60  stm32f4xx_rcc.o(.text)
    RCC_PCLK2Config                          0x0800316f   Thumb Code    62  stm32f4xx_rcc.o(.text)
    RCC_GetClocksFreq                        0x080031ad   Thumb Code   214  stm32f4xx_rcc.o(.text)
    RCC_RTCCLKConfig                         0x08003283   Thumb Code   262  stm32f4xx_rcc.o(.text)
    RCC_RTCCLKCmd                            0x08003389   Thumb Code    30  stm32f4xx_rcc.o(.text)
    RCC_BackupResetCmd                       0x080033a7   Thumb Code    32  stm32f4xx_rcc.o(.text)
    RCC_I2SCLKConfig                         0x080033c7   Thumb Code    30  stm32f4xx_rcc.o(.text)
    RCC_AHB1PeriphClockCmd                   0x080033e5   Thumb Code    82  stm32f4xx_rcc.o(.text)
    RCC_AHB2PeriphClockCmd                   0x08003437   Thumb Code    82  stm32f4xx_rcc.o(.text)
    RCC_AHB3PeriphClockCmd                   0x08003489   Thumb Code   232  stm32f4xx_rcc.o(.text)
    RCC_APB1PeriphClockCmd                   0x08003571   Thumb Code    82  stm32f4xx_rcc.o(.text)
    RCC_APB2PeriphClockCmd                   0x080035c3   Thumb Code    82  stm32f4xx_rcc.o(.text)
    RCC_AHB1PeriphResetCmd                   0x08003615   Thumb Code    82  stm32f4xx_rcc.o(.text)
    RCC_AHB2PeriphResetCmd                   0x08003667   Thumb Code    82  stm32f4xx_rcc.o(.text)
    RCC_AHB3PeriphResetCmd                   0x080036b9   Thumb Code    82  stm32f4xx_rcc.o(.text)
    RCC_APB1PeriphResetCmd                   0x0800370b   Thumb Code    82  stm32f4xx_rcc.o(.text)
    RCC_APB2PeriphResetCmd                   0x0800375d   Thumb Code    82  stm32f4xx_rcc.o(.text)
    RCC_AHB1PeriphClockLPModeCmd             0x080037af   Thumb Code    82  stm32f4xx_rcc.o(.text)
    RCC_AHB2PeriphClockLPModeCmd             0x08003801   Thumb Code    82  stm32f4xx_rcc.o(.text)
    RCC_AHB3PeriphClockLPModeCmd             0x08003853   Thumb Code    82  stm32f4xx_rcc.o(.text)
    RCC_APB1PeriphClockLPModeCmd             0x080038a5   Thumb Code    82  stm32f4xx_rcc.o(.text)
    RCC_APB2PeriphClockLPModeCmd             0x080038f7   Thumb Code   106  stm32f4xx_rcc.o(.text)
    RCC_ITConfig                             0x08003961   Thumb Code    74  stm32f4xx_rcc.o(.text)
    RCC_ClearFlag                            0x080039ab   Thumb Code    18  stm32f4xx_rcc.o(.text)
    RCC_GetITStatus                          0x080039bd   Thumb Code    68  stm32f4xx_rcc.o(.text)
    RCC_ClearITPendingBit                    0x08003a01   Thumb Code    34  stm32f4xx_rcc.o(.text)
    SPI_I2S_DeInit                           0x08003a29   Thumb Code   104  stm32f4xx_spi.o(.text)
    SPI_Init                                 0x08003a91   Thumb Code   348  stm32f4xx_spi.o(.text)
    I2S_Init                                 0x08003bed   Thumb Code   508  stm32f4xx_spi.o(.text)
    SPI_StructInit                           0x08003de9   Thumb Code    24  stm32f4xx_spi.o(.text)
    I2S_StructInit                           0x08003e01   Thumb Code   104  stm32f4xx_spi.o(.text)
    SPI_Cmd                                  0x08003e69   Thumb Code    82  stm32f4xx_spi.o(.text)
    I2S_Cmd                                  0x08003ebb   Thumb Code    88  stm32f4xx_spi.o(.text)
    SPI_DataSizeConfig                       0x08003f13   Thumb Code    78  stm32f4xx_spi.o(.text)
    SPI_BiDirectionalLineConfig              0x08003f61   Thumb Code    94  stm32f4xx_spi.o(.text)
    SPI_NSSInternalSoftwareConfig            0x08003fbf   Thumb Code    96  stm32f4xx_spi.o(.text)
    SPI_SSOutputCmd                          0x0800401f   Thumb Code    82  stm32f4xx_spi.o(.text)
    SPI_TIModeCmd                            0x08004071   Thumb Code    82  stm32f4xx_spi.o(.text)
    I2S_FullDuplexConfig                     0x080040c3   Thumb Code   258  stm32f4xx_spi.o(.text)
    SPI_I2S_ReceiveData                      0x080041c5   Thumb Code    52  stm32f4xx_spi.o(.text)
    SPI_I2S_SendData                         0x080041f9   Thumb Code    54  stm32f4xx_spi.o(.text)
    SPI_CalculateCRC                         0x0800422f   Thumb Code    98  stm32f4xx_spi.o(.text)
    SPI_TransmitCRC                          0x08004291   Thumb Code    46  stm32f4xx_spi.o(.text)
    SPI_GetCRC                               0x080042bf   Thumb Code    74  stm32f4xx_spi.o(.text)
    SPI_GetCRCPolynomial                     0x08004309   Thumb Code    40  stm32f4xx_spi.o(.text)
    SPI_I2S_DMACmd                           0x08004331   Thumb Code   114  stm32f4xx_spi.o(.text)
    SPI_I2S_ITConfig                         0x080043a3   Thumb Code   138  stm32f4xx_spi.o(.text)
    SPI_I2S_GetFlagStatus                    0x0800442d   Thumb Code   120  stm32f4xx_spi.o(.text)
    SPI_I2S_ClearFlag                        0x080044a5   Thumb Code    74  stm32f4xx_spi.o(.text)
    SPI_I2S_GetITStatus                      0x080044ef   Thumb Code   154  stm32f4xx_spi.o(.text)
    SPI_I2S_ClearITPendingBit                0x08004589   Thumb Code    86  stm32f4xx_spi.o(.text)
    USART_DeInit                             0x080045f1   Thumb Code   202  stm32f4xx_usart.o(.text)
    USART_Init                               0x080046bb   Thumb Code   456  stm32f4xx_usart.o(.text)
    USART_StructInit                         0x08004883   Thumb Code    24  stm32f4xx_usart.o(.text)
    USART_ClockInit                          0x0800489b   Thumb Code   166  stm32f4xx_usart.o(.text)
    USART_ClockStructInit                    0x08004941   Thumb Code    12  stm32f4xx_usart.o(.text)
    USART_Cmd                                0x0800494d   Thumb Code    96  stm32f4xx_usart.o(.text)
    USART_SetPrescaler                       0x080049ad   Thumb Code   160  stm32f4xx_usart.o(.text)
    USART_OverSampling8Cmd                   0x08004a4d   Thumb Code    98  stm32f4xx_usart.o(.text)
    USART_OneBitMethodCmd                    0x08004aaf   Thumb Code   100  stm32f4xx_usart.o(.text)
    USART_SendData                           0x08004b13   Thumb Code    84  stm32f4xx_usart.o(.text)
    USART_ReceiveData                        0x08004b67   Thumb Code    62  stm32f4xx_usart.o(.text)
    USART_SetAddress                         0x08004ba5   Thumb Code    92  stm32f4xx_usart.o(.text)
    USART_ReceiverWakeUpCmd                  0x08004c01   Thumb Code   100  stm32f4xx_usart.o(.text)
    USART_WakeUpConfig                       0x08004c65   Thumb Code    96  stm32f4xx_usart.o(.text)
    USART_LINBreakDetectLengthConfig         0x08004cc5   Thumb Code    94  stm32f4xx_usart.o(.text)
    USART_LINCmd                             0x08004d23   Thumb Code   100  stm32f4xx_usart.o(.text)
    USART_SendBreak                          0x08004d87   Thumb Code    64  stm32f4xx_usart.o(.text)
    USART_HalfDuplexCmd                      0x08004dc7   Thumb Code   100  stm32f4xx_usart.o(.text)
    USART_SetGuardTime                       0x08004e2b   Thumb Code    86  stm32f4xx_usart.o(.text)
    USART_SmartCardCmd                       0x08004e81   Thumb Code    88  stm32f4xx_usart.o(.text)
    USART_SmartCardNACKCmd                   0x08004ed9   Thumb Code    88  stm32f4xx_usart.o(.text)
    USART_IrDAConfig                         0x08004f31   Thumb Code    94  stm32f4xx_usart.o(.text)
    USART_IrDACmd                            0x08004f8f   Thumb Code   100  stm32f4xx_usart.o(.text)
    USART_DMACmd                             0x08004ff3   Thumb Code   120  stm32f4xx_usart.o(.text)
    USART_ITConfig                           0x0800506b   Thumb Code   268  stm32f4xx_usart.o(.text)
    USART_GetFlagStatus                      0x08005177   Thumb Code   176  stm32f4xx_usart.o(.text)
    USART_ClearFlag                          0x08005227   Thumb Code   160  stm32f4xx_usart.o(.text)
    USART_GetITStatus                        0x080052c7   Thumb Code   284  stm32f4xx_usart.o(.text)
    USART_ClearITPendingBit                  0x080053e3   Thumb Code   170  stm32f4xx_usart.o(.text)
    Reset_Handler                            0x080054a5   Thumb Code     8  startup_stm32f4xx.o(.text)
    DebugMon_Handler                         0x080054b9   Thumb Code     2  startup_stm32f4xx.o(.text)
    ADC_IRQHandler                           0x080054bf   Thumb Code     0  startup_stm32f4xx.o(.text)
    CAN1_RX0_IRQHandler                      0x080054bf   Thumb Code     0  startup_stm32f4xx.o(.text)
    CAN1_RX1_IRQHandler                      0x080054bf   Thumb Code     0  startup_stm32f4xx.o(.text)
    CAN1_SCE_IRQHandler                      0x080054bf   Thumb Code     0  startup_stm32f4xx.o(.text)
    CAN1_TX_IRQHandler                       0x080054bf   Thumb Code     0  startup_stm32f4xx.o(.text)
    CAN2_RX0_IRQHandler                      0x080054bf   Thumb Code     0  startup_stm32f4xx.o(.text)
    CAN2_RX1_IRQHandler                      0x080054bf   Thumb Code     0  startup_stm32f4xx.o(.text)
    CAN2_SCE_IRQHandler                      0x080054bf   Thumb Code     0  startup_stm32f4xx.o(.text)
    CAN2_TX_IRQHandler                       0x080054bf   Thumb Code     0  startup_stm32f4xx.o(.text)
    CRYP_IRQHandler                          0x080054bf   Thumb Code     0  startup_stm32f4xx.o(.text)
    DCMI_IRQHandler                          0x080054bf   Thumb Code     0  startup_stm32f4xx.o(.text)
    DMA1_Stream0_IRQHandler                  0x080054bf   Thumb Code     0  startup_stm32f4xx.o(.text)
    DMA1_Stream2_IRQHandler                  0x080054bf   Thumb Code     0  startup_stm32f4xx.o(.text)
    DMA1_Stream3_IRQHandler                  0x080054bf   Thumb Code     0  startup_stm32f4xx.o(.text)
    DMA1_Stream4_IRQHandler                  0x080054bf   Thumb Code     0  startup_stm32f4xx.o(.text)
    DMA1_Stream6_IRQHandler                  0x080054bf   Thumb Code     0  startup_stm32f4xx.o(.text)
    DMA1_Stream7_IRQHandler                  0x080054bf   Thumb Code     0  startup_stm32f4xx.o(.text)
    DMA2_Stream0_IRQHandler                  0x080054bf   Thumb Code     0  startup_stm32f4xx.o(.text)
    DMA2_Stream1_IRQHandler                  0x080054bf   Thumb Code     0  startup_stm32f4xx.o(.text)
    DMA2_Stream2_IRQHandler                  0x080054bf   Thumb Code     0  startup_stm32f4xx.o(.text)
    DMA2_Stream3_IRQHandler                  0x080054bf   Thumb Code     0  startup_stm32f4xx.o(.text)
    DMA2_Stream4_IRQHandler                  0x080054bf   Thumb Code     0  startup_stm32f4xx.o(.text)
    DMA2_Stream6_IRQHandler                  0x080054bf   Thumb Code     0  startup_stm32f4xx.o(.text)
    DMA2_Stream7_IRQHandler                  0x080054bf   Thumb Code     0  startup_stm32f4xx.o(.text)
    ETH_IRQHandler                           0x080054bf   Thumb Code     0  startup_stm32f4xx.o(.text)
    ETH_WKUP_IRQHandler                      0x080054bf   Thumb Code     0  startup_stm32f4xx.o(.text)
    EXTI0_IRQHandler                         0x080054bf   Thumb Code     0  startup_stm32f4xx.o(.text)
    EXTI15_10_IRQHandler                     0x080054bf   Thumb Code     0  startup_stm32f4xx.o(.text)
    EXTI1_IRQHandler                         0x080054bf   Thumb Code     0  startup_stm32f4xx.o(.text)
    EXTI2_IRQHandler                         0x080054bf   Thumb Code     0  startup_stm32f4xx.o(.text)
    EXTI3_IRQHandler                         0x080054bf   Thumb Code     0  startup_stm32f4xx.o(.text)
    EXTI4_IRQHandler                         0x080054bf   Thumb Code     0  startup_stm32f4xx.o(.text)
    EXTI9_5_IRQHandler                       0x080054bf   Thumb Code     0  startup_stm32f4xx.o(.text)
    FLASH_IRQHandler                         0x080054bf   Thumb Code     0  startup_stm32f4xx.o(.text)
    FPU_IRQHandler                           0x080054bf   Thumb Code     0  startup_stm32f4xx.o(.text)
    FSMC_IRQHandler                          0x080054bf   Thumb Code     0  startup_stm32f4xx.o(.text)
    HASH_RNG_IRQHandler                      0x080054bf   Thumb Code     0  startup_stm32f4xx.o(.text)
    I2C1_ER_IRQHandler                       0x080054bf   Thumb Code     0  startup_stm32f4xx.o(.text)
    I2C1_EV_IRQHandler                       0x080054bf   Thumb Code     0  startup_stm32f4xx.o(.text)
    I2C2_ER_IRQHandler                       0x080054bf   Thumb Code     0  startup_stm32f4xx.o(.text)
    I2C2_EV_IRQHandler                       0x080054bf   Thumb Code     0  startup_stm32f4xx.o(.text)
    I2C3_ER_IRQHandler                       0x080054bf   Thumb Code     0  startup_stm32f4xx.o(.text)
    I2C3_EV_IRQHandler                       0x080054bf   Thumb Code     0  startup_stm32f4xx.o(.text)
    OTG_FS_IRQHandler                        0x080054bf   Thumb Code     0  startup_stm32f4xx.o(.text)
    OTG_FS_WKUP_IRQHandler                   0x080054bf   Thumb Code     0  startup_stm32f4xx.o(.text)
    OTG_HS_EP1_IN_IRQHandler                 0x080054bf   Thumb Code     0  startup_stm32f4xx.o(.text)
    OTG_HS_EP1_OUT_IRQHandler                0x080054bf   Thumb Code     0  startup_stm32f4xx.o(.text)
    OTG_HS_IRQHandler                        0x080054bf   Thumb Code     0  startup_stm32f4xx.o(.text)
    OTG_HS_WKUP_IRQHandler                   0x080054bf   Thumb Code     0  startup_stm32f4xx.o(.text)
    PVD_IRQHandler                           0x080054bf   Thumb Code     0  startup_stm32f4xx.o(.text)
    RCC_IRQHandler                           0x080054bf   Thumb Code     0  startup_stm32f4xx.o(.text)
    RTC_Alarm_IRQHandler                     0x080054bf   Thumb Code     0  startup_stm32f4xx.o(.text)
    RTC_WKUP_IRQHandler                      0x080054bf   Thumb Code     0  startup_stm32f4xx.o(.text)
    SDIO_IRQHandler                          0x080054bf   Thumb Code     0  startup_stm32f4xx.o(.text)
    SPI1_IRQHandler                          0x080054bf   Thumb Code     0  startup_stm32f4xx.o(.text)
    SPI2_IRQHandler                          0x080054bf   Thumb Code     0  startup_stm32f4xx.o(.text)
    SPI3_IRQHandler                          0x080054bf   Thumb Code     0  startup_stm32f4xx.o(.text)
    TAMP_STAMP_IRQHandler                    0x080054bf   Thumb Code     0  startup_stm32f4xx.o(.text)
    TIM1_BRK_TIM9_IRQHandler                 0x080054bf   Thumb Code     0  startup_stm32f4xx.o(.text)
    TIM1_CC_IRQHandler                       0x080054bf   Thumb Code     0  startup_stm32f4xx.o(.text)
    TIM1_TRG_COM_TIM11_IRQHandler            0x080054bf   Thumb Code     0  startup_stm32f4xx.o(.text)
    TIM1_UP_TIM10_IRQHandler                 0x080054bf   Thumb Code     0  startup_stm32f4xx.o(.text)
    TIM2_IRQHandler                          0x080054bf   Thumb Code     0  startup_stm32f4xx.o(.text)
    TIM3_IRQHandler                          0x080054bf   Thumb Code     0  startup_stm32f4xx.o(.text)
    TIM4_IRQHandler                          0x080054bf   Thumb Code     0  startup_stm32f4xx.o(.text)
    TIM5_IRQHandler                          0x080054bf   Thumb Code     0  startup_stm32f4xx.o(.text)
    TIM6_DAC_IRQHandler                      0x080054bf   Thumb Code     0  startup_stm32f4xx.o(.text)
    TIM7_IRQHandler                          0x080054bf   Thumb Code     0  startup_stm32f4xx.o(.text)
    TIM8_BRK_TIM12_IRQHandler                0x080054bf   Thumb Code     0  startup_stm32f4xx.o(.text)
    TIM8_CC_IRQHandler                       0x080054bf   Thumb Code     0  startup_stm32f4xx.o(.text)
    TIM8_TRG_COM_TIM14_IRQHandler            0x080054bf   Thumb Code     0  startup_stm32f4xx.o(.text)
    TIM8_UP_TIM13_IRQHandler                 0x080054bf   Thumb Code     0  startup_stm32f4xx.o(.text)
    UART4_IRQHandler                         0x080054bf   Thumb Code     0  startup_stm32f4xx.o(.text)
    UART5_IRQHandler                         0x080054bf   Thumb Code     0  startup_stm32f4xx.o(.text)
    USART6_IRQHandler                        0x080054bf   Thumb Code     0  startup_stm32f4xx.o(.text)
    WWDG_IRQHandler                          0x080054bf   Thumb Code     0  startup_stm32f4xx.o(.text)
    __user_initial_stackheap                 0x080054c1   Thumb Code     0  startup_stm32f4xx.o(.text)
    rt_system_tick_init                      0x080054e5   Thumb Code     2  clock.o(.text)
    rt_tick_get                              0x080054e7   Thumb Code     6  clock.o(.text)
    rt_tick_set                              0x080054ed   Thumb Code    22  clock.o(.text)
    rt_tick_increase                         0x08005503   Thumb Code    42  clock.o(.text)
    rt_tick_from_millisecond                 0x0800552d   Thumb Code    22  clock.o(.text)
    rt_device_find                           0x08005549   Thumb Code    76  device.o(.text)
    rt_device_register                       0x08005595   Thumb Code    52  device.o(.text)
    rt_device_unregister                     0x080055c9   Thumb Code    26  device.o(.text)
    rt_device_init_all                       0x080055e3   Thumb Code     4  device.o(.text)
    rt_device_init                           0x080055e7   Thumb Code    64  device.o(.text)
    rt_device_open                           0x08005627   Thumb Code   136  device.o(.text)
    rt_device_close                          0x080056af   Thumb Code    68  device.o(.text)
    rt_device_read                           0x080056f3   Thumb Code    76  device.o(.text)
    rt_device_write                          0x0800573f   Thumb Code    76  device.o(.text)
    rt_device_control                        0x0800578b   Thumb Code    42  device.o(.text)
    rt_device_set_rx_indicate                0x080057b5   Thumb Code    26  device.o(.text)
    rt_device_set_tx_complete                0x080057cf   Thumb Code    26  device.o(.text)
    rt_thread_idle_sethook                   0x0800586d   Thumb Code     6  idle.o(.text)
    rt_thread_idle_excute                    0x08005873   Thumb Code   154  idle.o(.text)
    rt_thread_idle_init                      0x08005921   Thumb Code    38  idle.o(.text)
    rt_sem_init                              0x08005a4d   Thumb Code    50  ipc.o(.text)
    rt_sem_detach                            0x08005a7f   Thumb Code    34  ipc.o(.text)
    rt_sem_create                            0x08005aa1   Thumb Code    84  ipc.o(.text)
    rt_sem_delete                            0x08005af5   Thumb Code    78  ipc.o(.text)
    rt_sem_take                              0x08005b43   Thumb Code   266  ipc.o(.text)
    rt_sem_trytake                           0x08005c4d   Thumb Code    14  ipc.o(.text)
    rt_sem_release                           0x08005c5b   Thumb Code    80  ipc.o(.text)
    rt_sem_control                           0x08005cab   Thumb Code    68  ipc.o(.text)
    rt_mutex_init                            0x08005cef   Thumb Code    58  ipc.o(.text)
    rt_mutex_detach                          0x08005d29   Thumb Code    36  ipc.o(.text)
    rt_mutex_create                          0x08005d4d   Thumb Code    96  ipc.o(.text)
    rt_mutex_delete                          0x08005dad   Thumb Code    78  ipc.o(.text)
    rt_mutex_take                            0x08005dfb   Thumb Code   524  ipc.o(.text)
    rt_mutex_release                         0x08006007   Thumb Code   272  ipc.o(.text)
    rt_mutex_control                         0x08006117   Thumb Code     8  ipc.o(.text)
    rt_event_init                            0x0800611f   Thumb Code    46  ipc.o(.text)
    rt_event_detach                          0x0800614d   Thumb Code    36  ipc.o(.text)
    rt_event_create                          0x08006171   Thumb Code    88  ipc.o(.text)
    rt_event_delete                          0x080061c9   Thumb Code    82  ipc.o(.text)
    rt_event_send                            0x0800621b   Thumb Code   210  ipc.o(.text)
    rt_event_recv                            0x080062ed   Thumb Code   448  ipc.o(.text)
    rt_event_control                         0x080064ad   Thumb Code    70  ipc.o(.text)
    rt_mb_init                               0x080064f3   Thumb Code    76  ipc.o(.text)
    rt_mb_detach                             0x0800653f   Thumb Code    44  ipc.o(.text)
    rt_mb_create                             0x0800656b   Thumb Code   128  ipc.o(.text)
    rt_mb_delete                             0x080065eb   Thumb Code    96  ipc.o(.text)
    rt_mb_send_wait                          0x0800664b   Thumb Code   436  ipc.o(.text)
    rt_mb_send                               0x080067ff   Thumb Code    18  ipc.o(.text)
    rt_mb_recv                               0x08006811   Thumb Code   412  ipc.o(.text)
    rt_mb_control                            0x080069ad   Thumb Code    82  ipc.o(.text)
    rt_mq_init                               0x080069ff   Thumb Code   118  ipc.o(.text)
    rt_mq_detach                             0x08006a75   Thumb Code    36  ipc.o(.text)
    rt_mq_delete                             0x08006a99   Thumb Code    88  ipc.o(.text)
    rt_mq_create                             0x08006af1   Thumb Code   174  ipc.o(.text)
    rt_mq_send                               0x08006b9f   Thumb Code   290  ipc.o(.text)
    rt_mq_urgent                             0x08006cc1   Thumb Code   198  ipc.o(.text)
    rt_mq_recv                               0x08006d87   Thumb Code   438  ipc.o(.text)
    rt_mq_control                            0x08006f3d   Thumb Code    98  ipc.o(.text)
    rt_interrupt_enter                       0x08006ff5   Thumb Code    30  irq.o(.text)
    rt_interrupt_leave                       0x08007013   Thumb Code    30  irq.o(.text)
    rt_interrupt_get_nest                    0x08007031   Thumb Code     6  irq.o(.text)
    rt_get_errno                             0x0800703d   Thumb Code    32  kservice.o(.text)
    rt_set_errno                             0x0800705d   Thumb Code    36  kservice.o(.text)
    _rt_errno                                0x08007081   Thumb Code    30  kservice.o(.text)
    rt_memset                                0x0800709f   Thumb Code    72  kservice.o(.text)
    rt_memcpy                                0x080070e7   Thumb Code   124  kservice.o(.text)
    rt_memmove                               0x08007163   Thumb Code    66  kservice.o(.text)
    rt_memcmp                                0x080071a5   Thumb Code    38  kservice.o(.text)
    rt_strlen                                0x080071cb   Thumb Code    18  kservice.o(.text)
    rt_strstr                                0x080071dd   Thumb Code    58  kservice.o(.text)
    rt_strcasecmp                            0x08007217   Thumb Code    48  kservice.o(.text)
    rt_strncpy                               0x08007247   Thumb Code    52  kservice.o(.text)
    rt_strncmp                               0x0800727b   Thumb Code    40  kservice.o(.text)
    rt_strcmp                                0x080072a3   Thumb Code    28  kservice.o(.text)
    rt_strdup                                0x080072bf   Thumb Code    40  kservice.o(.text)
    rt_hw_console_output                     0x080072e7   Thumb Code     2  kservice.o(.text)
    rt_vsnprintf                             0x0800749f   Thumb Code   800  kservice.o(.text)
    rt_kprintf                               0x080077bf   Thumb Code    96  kservice.o(.text)
    rt_show_version                          0x0800781f   Thumb Code    38  kservice.o(.text)
    rt_snprintf                              0x08007845   Thumb Code    38  kservice.o(.text)
    rt_vsprintf                              0x0800786b   Thumb Code    22  kservice.o(.text)
    rt_sprintf                               0x08007881   Thumb Code    34  kservice.o(.text)
    rt_console_get_device                    0x080078a3   Thumb Code     6  kservice.o(.text)
    rt_console_set_device                    0x080078a9   Thumb Code    48  kservice.o(.text)
    rt_malloc_align                          0x080078d9   Thumb Code    66  kservice.o(.text)
    rt_free_align                            0x0800791b   Thumb Code    16  kservice.o(.text)
    __rt_ffs                                 0x0800792b   Thumb Code    70  kservice.o(.text)
    rt_assert_set_hook                       0x08007971   Thumb Code     6  kservice.o(.text)
    rt_assert_handler                        0x08007977   Thumb Code    56  kservice.o(.text)
    rt_malloc_sethook                        0x08007a89   Thumb Code     6  mem.o(.text)
    rt_free_sethook                          0x08007a8f   Thumb Code     6  mem.o(.text)
    rt_system_heap_init                      0x08007b35   Thumb Code   204  mem.o(.text)
    rt_malloc                                0x08007c01   Thumb Code   520  mem.o(.text)
    rt_free                                  0x08007e09   Thumb Code   602  mem.o(.text)
    rt_realloc                               0x08008063   Thumb Code   312  mem.o(.text)
    rt_calloc                                0x0800819b   Thumb Code    84  mem.o(.text)
    rt_memory_info                           0x080081ef   Thumb Code    26  mem.o(.text)
    list_mem                                 0x08008209   Thumb Code    34  mem.o(.text)
    rt_object_attach_sethook                 0x0800831d   Thumb Code     6  object.o(.text)
    rt_object_detach_sethook                 0x08008323   Thumb Code     6  object.o(.text)
    rt_object_trytake_sethook                0x08008329   Thumb Code     6  object.o(.text)
    rt_object_take_sethook                   0x0800832f   Thumb Code     6  object.o(.text)
    rt_object_put_sethook                    0x08008335   Thumb Code     6  object.o(.text)
    rt_system_object_init                    0x0800833b   Thumb Code     2  object.o(.text)
    rt_object_get_information                0x0800833d   Thumb Code    10  object.o(.text)
    rt_object_init                           0x08008347   Thumb Code    76  object.o(.text)
    rt_object_detach                         0x08008393   Thumb Code    56  object.o(.text)
    rt_object_allocate                       0x080083cb   Thumb Code   132  object.o(.text)
    rt_object_delete                         0x0800844f   Thumb Code    84  object.o(.text)
    rt_object_is_systemobject                0x080084a3   Thumb Code    34  object.o(.text)
    rt_object_find                           0x080084c5   Thumb Code   126  object.o(.text)
    rt_scheduler_sethook                     0x080085d9   Thumb Code     6  scheduler.o(.text)
    rt_system_scheduler_init                 0x08008639   Thumb Code    56  scheduler.o(.text)
    rt_system_scheduler_start                0x08008671   Thumb Code    36  scheduler.o(.text)
    rt_schedule                              0x08008695   Thumb Code   134  scheduler.o(.text)
    rt_schedule_insert_thread                0x0800871b   Thumb Code    82  scheduler.o(.text)
    rt_schedule_remove_thread                0x0800876d   Thumb Code    94  scheduler.o(.text)
    rt_enter_critical                        0x080087cb   Thumb Code    28  scheduler.o(.text)
    rt_exit_critical                         0x080087e7   Thumb Code    54  scheduler.o(.text)
    rt_critical_level                        0x0800881d   Thumb Code     8  scheduler.o(.text)
    rt_thread_exit                           0x080088e1   Thumb Code    76  thread.o(.text)
    rt_thread_timeout                        0x0800892d   Thumb Code    66  thread.o(.text)
    rt_thread_init                           0x080089fb   Thumb Code    74  thread.o(.text)
    rt_thread_self                           0x08008a45   Thumb Code     6  thread.o(.text)
    rt_thread_resume                         0x08008a4b   Thumb Code    78  thread.o(.text)
    rt_thread_startup                        0x08008a99   Thumb Code    80  thread.o(.text)
    rt_thread_detach                         0x08008ae9   Thumb Code    72  thread.o(.text)
    rt_thread_create                         0x08008b31   Thumb Code    80  thread.o(.text)
    rt_thread_delete                         0x08008b81   Thumb Code    64  thread.o(.text)
    rt_thread_yield                          0x08008bc1   Thumb Code    88  thread.o(.text)
    rt_thread_suspend                        0x08008c19   Thumb Code    76  thread.o(.text)
    rt_thread_sleep                          0x08008c65   Thumb Code    76  thread.o(.text)
    rt_thread_delay                          0x08008cb1   Thumb Code   208  thread.o(.text)
    rt_thread_control                        0x08008d81   Thumb Code   130  thread.o(.text)
    rt_thread_find                           0x08008e03   Thumb Code    76  thread.o(.text)
    rt_timer_timeout_sethook                 0x08008e67   Thumb Code     6  timer.o(.text)
    rt_timer_init                            0x08008ef9   Thumb Code    58  timer.o(.text)
    rt_timer_detach                          0x08008f33   Thumb Code    44  timer.o(.text)
    rt_timer_create                          0x08008f5f   Thumb Code    54  timer.o(.text)
    rt_timer_delete                          0x08008f95   Thumb Code    46  timer.o(.text)
    rt_timer_start                           0x08008fc3   Thumb Code   292  timer.o(.text)
    rt_timer_stop                            0x080090e7   Thumb Code    80  timer.o(.text)
    rt_timer_control                         0x08009137   Thumb Code    76  timer.o(.text)
    rt_timer_check                           0x08009183   Thumb Code   148  timer.o(.text)
    rt_timer_next_timeout_tick               0x08009217   Thumb Code    10  timer.o(.text)
    rt_system_timer_init                     0x08009221   Thumb Code    24  timer.o(.text)
    rt_system_timer_thread_init              0x08009239   Thumb Code     2  timer.o(.text)
    rt_hw_stack_init                         0x080092b5   Thumb Code    74  cpuport.o(.text)
    rt_hw_exception_install                  0x080092ff   Thumb Code     6  cpuport.o(.text)
    rt_hw_hard_fault_exception               0x08009305   Thumb Code   112  cpuport.o(.text)
    rt_hw_cpu_shutdown                       0x08009375   Thumb Code    20  cpuport.o(.text)
    rt_hw_interrupt_disable                  0x08009445   Thumb Code     8  context_rvds.o(.text)
    rt_hw_interrupt_enable                   0x0800944d   Thumb Code     6  context_rvds.o(.text)
    rt_hw_context_switch                     0x08009453   Thumb Code    32  context_rvds.o(.text)
    rt_hw_context_switch_interrupt           0x08009453   Thumb Code     0  context_rvds.o(.text)
    PendSV_Handler                           0x08009473   Thumb Code   108  context_rvds.o(.text)
    rt_hw_context_switch_to                  0x080094df   Thumb Code    68  context_rvds.o(.text)
    rt_hw_interrupt_thread_switch            0x08009523   Thumb Code     2  context_rvds.o(.text)
    HardFault_Handler                        0x08009525   Thumb Code    20  context_rvds.o(.text)
    rt_device_pin_register                   0x08009601   Thumb Code    56  pin.o(.text)
    rt_pin_mode                              0x08009639   Thumb Code    38  pin.o(.text)
    rt_pin_write                             0x0800965f   Thumb Code    38  pin.o(.text)
    rt_pin_read                              0x08009685   Thumb Code    34  pin.o(.text)
    rt_hw_serial_register                    0x08009e63   Thumb Code    76  serial.o(.text)
    rt_hw_serial_isr                         0x08009eaf   Thumb Code   464  serial.o(.text)
    rt_completion_init                       0x0800a2ad   Thumb Code    42  completion.o(.text)
    rt_completion_wait                       0x0800a2d7   Thumb Code   198  completion.o(.text)
    rt_completion_done                       0x0800a39d   Thumb Code    76  completion.o(.text)
    rt_data_queue_init                       0x0800a483   Thumb Code    78  dataqueue.o(.text)
    rt_data_queue_push                       0x0800a4d1   Thumb Code   276  dataqueue.o(.text)
    rt_data_queue_pop                        0x0800a5e5   Thumb Code   340  dataqueue.o(.text)
    rt_data_queue_peak                       0x0800a739   Thumb Code    94  dataqueue.o(.text)
    rt_data_queue_reset                      0x0800a797   Thumb Code   106  dataqueue.o(.text)
    finsh_set_device                         0x0800a8ab   Thumb Code   156  shell.o(.text)
    finsh_get_device                         0x0800a947   Thumb Code    28  shell.o(.text)
    finsh_set_echo                           0x0800a963   Thumb Code    30  shell.o(.text)
    finsh_get_echo                           0x0800a981   Thumb Code    32  shell.o(.text)
    finsh_run_line                           0x0800a9bd   Thumb Code   164  shell.o(.text)
    finsh_thread_entry                       0x0800ab1d   Thumb Code  1646  shell.o(.text)
    finsh_system_function_init               0x0800b18b   Thumb Code    10  shell.o(.text)
    finsh_system_var_init                    0x0800b195   Thumb Code    10  shell.o(.text)
    finsh_system_init                        0x0800b19f   Thumb Code   122  shell.o(.text)
    hello                                    0x0800b281   Thumb Code    12  cmd.o(.text)
    version                                  0x0800b28d   Thumb Code    10  cmd.o(.text)
    list_thread                              0x0800b395   Thumb Code    10  cmd.o(.text)
    list_sem                                 0x0800b457   Thumb Code    12  cmd.o(.text)
    list_event                               0x0800b4e1   Thumb Code    12  cmd.o(.text)
    list_mutex                               0x0800b549   Thumb Code    12  cmd.o(.text)
    list_mailbox                             0x0800b5e7   Thumb Code    12  cmd.o(.text)
    list_msgqueue                            0x0800b969   Thumb Code    10  cmd.o(.text)
    list_mempool                             0x0800b9f9   Thumb Code    12  cmd.o(.text)
    list_timer                               0x0800ba75   Thumb Code    12  cmd.o(.text)
    list_device                              0x0800bae7   Thumb Code    12  cmd.o(.text)
    list                                     0x0800baf3   Thumb Code   126  cmd.o(.text)
    list_prefix                              0x0800bbb3   Thumb Code   980  cmd.o(.text)
    finsh_compiler_run                       0x0800d767   Thumb Code    88  finsh_compiler.o(.text)
    finsh_error_init                         0x0800d7d1   Thumb Code     8  finsh_error.o(.text)
    finsh_error_set                          0x0800d7d9   Thumb Code    10  finsh_error.o(.text)
    finsh_errno                              0x0800d7e3   Thumb Code     6  finsh_error.o(.text)
    finsh_error_string                       0x0800d7e9   Thumb Code    10  finsh_error.o(.text)
    finsh_heap_init                          0x0800d7fd   Thumb Code    36  finsh_heap.o(.text)
    finsh_heap_free                          0x0800d921   Thumb Code    34  finsh_heap.o(.text)
    finsh_heap_allocate                      0x0800d991   Thumb Code   106  finsh_heap.o(.text)
    finsh_init                               0x0800da0d   Thumb Code    30  finsh_init.o(.text)
    finsh_stack_bottom                       0x0800da2b   Thumb Code     6  finsh_init.o(.text)
    finsh_flush                              0x0800da31   Thumb Code    22  finsh_init.o(.text)
    finsh_reset                              0x0800da47   Thumb Code    24  finsh_init.o(.text)
    finsh_node_init                          0x0800da65   Thumb Code    16  finsh_node.o(.text)
    finsh_node_allocate                      0x0800da75   Thumb Code    56  finsh_node.o(.text)
    finsh_node_new_id                        0x0800daad   Thumb Code   118  finsh_node.o(.text)
    finsh_node_new_char                      0x0800db23   Thumb Code    30  finsh_node.o(.text)
    finsh_node_new_int                       0x0800db41   Thumb Code    30  finsh_node.o(.text)
    finsh_node_new_long                      0x0800db5f   Thumb Code    30  finsh_node.o(.text)
    finsh_node_new_string                    0x0800db7d   Thumb Code    74  finsh_node.o(.text)
    finsh_node_new_ptr                       0x0800dbc7   Thumb Code    30  finsh_node.o(.text)
    OP_no_op                                 0x0800dbe9   Thumb Code     2  finsh_ops.o(.text)
    OP_add_byte                              0x0800dbeb   Thumb Code    42  finsh_ops.o(.text)
    OP_add_word                              0x0800dc15   Thumb Code    44  finsh_ops.o(.text)
    OP_add_dword                             0x0800dc41   Thumb Code    42  finsh_ops.o(.text)
    OP_sub_byte                              0x0800dc6b   Thumb Code    42  finsh_ops.o(.text)
    OP_sub_word                              0x0800dc95   Thumb Code    44  finsh_ops.o(.text)
    OP_sub_dword                             0x0800dcc1   Thumb Code    42  finsh_ops.o(.text)
    OP_div_byte                              0x0800dceb   Thumb Code    44  finsh_ops.o(.text)
    OP_div_word                              0x0800dd17   Thumb Code    46  finsh_ops.o(.text)
    OP_div_dword                             0x0800dd45   Thumb Code    44  finsh_ops.o(.text)
    OP_mod_byte                              0x0800dd71   Thumb Code    48  finsh_ops.o(.text)
    OP_mod_word                              0x0800dda1   Thumb Code    48  finsh_ops.o(.text)
    OP_mod_dword                             0x0800ddd1   Thumb Code    48  finsh_ops.o(.text)
    OP_mul_byte                              0x0800de01   Thumb Code    44  finsh_ops.o(.text)
    OP_mul_word                              0x0800de2d   Thumb Code    46  finsh_ops.o(.text)
    OP_mul_dword                             0x0800de5b   Thumb Code    42  finsh_ops.o(.text)
    OP_and_byte                              0x0800de85   Thumb Code    42  finsh_ops.o(.text)
    OP_and_word                              0x0800deaf   Thumb Code    42  finsh_ops.o(.text)
    OP_and_dword                             0x0800ded9   Thumb Code    42  finsh_ops.o(.text)
    OP_or_byte                               0x0800df03   Thumb Code    42  finsh_ops.o(.text)
    OP_or_word                               0x0800df2d   Thumb Code    42  finsh_ops.o(.text)
    OP_or_dword                              0x0800df57   Thumb Code    42  finsh_ops.o(.text)
    OP_xor_byte                              0x0800df81   Thumb Code    42  finsh_ops.o(.text)
    OP_xor_word                              0x0800dfab   Thumb Code    46  finsh_ops.o(.text)
    OP_xor_dword                             0x0800dfd9   Thumb Code    42  finsh_ops.o(.text)
    OP_bw_byte                               0x0800e003   Thumb Code    20  finsh_ops.o(.text)
    OP_bw_word                               0x0800e017   Thumb Code    20  finsh_ops.o(.text)
    OP_bw_dword                              0x0800e02b   Thumb Code    20  finsh_ops.o(.text)
    OP_shl_byte                              0x0800e03f   Thumb Code    42  finsh_ops.o(.text)
    OP_shl_word                              0x0800e069   Thumb Code    44  finsh_ops.o(.text)
    OP_shl_dword                             0x0800e095   Thumb Code    42  finsh_ops.o(.text)
    OP_shr_byte                              0x0800e0bf   Thumb Code    42  finsh_ops.o(.text)
    OP_shr_word                              0x0800e0e9   Thumb Code    42  finsh_ops.o(.text)
    OP_shr_dword                             0x0800e113   Thumb Code    42  finsh_ops.o(.text)
    OP_ld_byte                               0x0800e13d   Thumb Code    34  finsh_ops.o(.text)
    OP_ld_word                               0x0800e15f   Thumb Code    46  finsh_ops.o(.text)
    OP_ld_dword                              0x0800e18d   Thumb Code    64  finsh_ops.o(.text)
    OP_ld_value_byte                         0x0800e1cd   Thumb Code    66  finsh_ops.o(.text)
    OP_ld_value_byte_stack                   0x0800e20f   Thumb Code    20  finsh_ops.o(.text)
    OP_ld_value_word                         0x0800e223   Thumb Code    66  finsh_ops.o(.text)
    OP_ld_value_word_stack                   0x0800e265   Thumb Code    20  finsh_ops.o(.text)
    OP_ld_value_dword                        0x0800e279   Thumb Code    66  finsh_ops.o(.text)
    OP_ld_value_dword_stack                  0x0800e2bb   Thumb Code    20  finsh_ops.o(.text)
    OP_st_byte                               0x0800e2cf   Thumb Code    30  finsh_ops.o(.text)
    OP_st_word                               0x0800e2ed   Thumb Code    30  finsh_ops.o(.text)
    OP_st_dword                              0x0800e30b   Thumb Code    30  finsh_ops.o(.text)
    OP_pop                                   0x0800e329   Thumb Code    12  finsh_ops.o(.text)
    OP_call                                  0x0800e335   Thumb Code   906  finsh_ops.o(.text)
    finsh_parser_run                         0x0800ef55   Thumb Code   220  finsh_parser.o(.text)
    finsh_parser_init                        0x0800f031   Thumb Code    16  finsh_parser.o(.text)
    finsh_var_init                           0x0800f041   Thumb Code    14  finsh_var.o(.text)
    finsh_var_insert                         0x0800f04f   Thumb Code   114  finsh_var.o(.text)
    finsh_var_delete                         0x0800f0c1   Thumb Code    68  finsh_var.o(.text)
    finsh_var_lookup                         0x0800f105   Thumb Code    58  finsh_var.o(.text)
    finsh_sysvar_append                      0x0800f13f   Thumb Code    62  finsh_var.o(.text)
    finsh_sysvar_lookup                      0x0800f17d   Thumb Code    78  finsh_var.o(.text)
    finsh_vm_run                             0x0800f1dd   Thumb Code    62  finsh_vm.o(.text)
    finsh_syscall_append                     0x0800f21b   Thumb Code    54  finsh_vm.o(.text)
    finsh_syscall_lookup                     0x0800f251   Thumb Code    78  finsh_vm.o(.text)
    finsh_token_init                         0x0800f2c1   Thumb Code    20  finsh_token.o(.text)
    token_get_string                         0x0800f6d9   Thumb Code   120  finsh_token.o(.text)
    finsh_token_token                        0x0800f911   Thumb Code    24  finsh_token.o(.text)
    finsh_token_get_token                    0x0800f929   Thumb Code    20  finsh_token.o(.text)
    MPU6500::MPU6500(const char*)            0x0800f941   Thumb Code    88  mpu6500.o(.text)
    MPU6500::MPU6500__sub_object(const char*) 0x0800f941   Thumb Code     0  mpu6500.o(.text)
    MPU6500::disableInterrupt()              0x0800f999   Thumb Code    36  mpu6500.o(.text)
    MPU6500::setDLPF(unsigned char)          0x0800f9bd   Thumb Code    36  mpu6500.o(.text)
    MPU6500::setSampleRate(unsigned char)    0x0800f9e1   Thumb Code    36  mpu6500.o(.text)
    MPU6500::disable_I2C()                   0x0800fa05   Thumb Code    36  mpu6500.o(.text)
    MPU6500::setClockSource(unsigned char)   0x0800fa29   Thumb Code    36  mpu6500.o(.text)
    MPU6500::reSetMPU6500()                  0x0800fa4d   Thumb Code    36  mpu6500.o(.text)
    MPU6500::testConnect()                   0x0800fa71   Thumb Code    56  mpu6500.o(.text)
    MPU6500::mpu_init(unsigned char, unsigned char) 0x0800faa9   Thumb Code   134  mpu6500.o(.text)
    MPU6500::getClockSource()                0x0800fb2f   Thumb Code    30  mpu6500.o(.text)
    MPU6500::getSampleRate()                 0x0800fb4d   Thumb Code    30  mpu6500.o(.text)
    MPU6500::set_acc_scale(unsigned char)    0x0800fb6b   Thumb Code   258  mpu6500.o(.text)
    MPU6500::set_gyro_scale(unsigned char)   0x0800fc6d   Thumb Code   268  mpu6500.o(.text)
    MPU6500::read_gyro(short*, short*, short*) 0x0800fd79   Thumb Code   140  mpu6500.o(.text)
    MPU6500::gyroOffsetCalibration()         0x0800fe05   Thumb Code   620  mpu6500.o(.text)
    MPU6500::read_Data()                     0x08010071   Thumb Code   382  mpu6500.o(.text)
    MPU6500::read_acc(short*, short*, short*) 0x080101ef   Thumb Code   140  mpu6500.o(.text)
    MPU6500::set_rotation(unsigned char)     0x0801027b   Thumb Code     6  mpu6500.o(.text)
    rt_spi_bus_register                      0x0801031d   Thumb Code    50  spi_core.o(.text)
    rt_spi_bus_attach_device                 0x0801034f   Thumb Code    74  spi_core.o(.text)
    rt_spi_configure                         0x08010399   Thumb Code    82  spi_core.o(.text)
    rt_spi_send_then_send                    0x080103eb   Thumb Code   240  spi_core.o(.text)
    rt_spi_send_then_recv                    0x080104db   Thumb Code   240  spi_core.o(.text)
    rt_spi_transfer                          0x080105cb   Thumb Code   198  spi_core.o(.text)
    rt_spi_transfer_message                  0x08010691   Thumb Code   164  spi_core.o(.text)
    rt_spi_take_bus                          0x08010735   Thumb Code   204  spi_core.o(.text)
    rt_spi_release_bus                       0x08010801   Thumb Code    72  spi_core.o(.text)
    rt_spi_take                              0x08010849   Thumb Code    80  spi_core.o(.text)
    rt_spi_release                           0x08010899   Thumb Code    80  spi_core.o(.text)
    rt_spi_bus_device_init                   0x080109c7   Thumb Code    58  spi_dev.o(.text)
    rt_spidev_device_init                    0x08010ab3   Thumb Code    58  spi_dev.o(.text)
    rt_hw_spi1_init                          0x08010b99   Thumb Code   208  hardward_bus.o(.text)
    rt_hw_spi2_init                          0x08010c69   Thumb Code   106  hardward_bus.o(.text)
    stm32_spi_register                       0x08010f57   Thumb Code    78  stm32_hw_spi.o(.text)
    atoi                                     0x08010fc5   Thumb Code    26  atoi.o(.text)
    strlen                                   0x08010fdf   Thumb Code    62  strlen.o(.text)
    strncmp                                  0x0801101d   Thumb Code   150  strncmp.o(.text)
    __aeabi_memcpy                           0x080110b3   Thumb Code     0  rt_memcpy_v6.o(.text)
    __rt_memcpy                              0x080110b3   Thumb Code   138  rt_memcpy_v6.o(.text)
    _memcpy_lastbytes                        0x08011119   Thumb Code     0  rt_memcpy_v6.o(.text)
    __aeabi_memcpy4                          0x0801113d   Thumb Code     0  rt_memcpy_w.o(.text)
    __aeabi_memcpy8                          0x0801113d   Thumb Code     0  rt_memcpy_w.o(.text)
    __rt_memcpy_w                            0x0801113d   Thumb Code   100  rt_memcpy_w.o(.text)
    _memcpy_lastbytes_aligned                0x08011185   Thumb Code     0  rt_memcpy_w.o(.text)
    __aeabi_memclr                           0x080111a1   Thumb Code     0  rt_memclr.o(.text)
    __rt_memclr                              0x080111a1   Thumb Code    68  rt_memclr.o(.text)
    _memset                                  0x080111a5   Thumb Code     0  rt_memclr.o(.text)
    __aeabi_memclr4                          0x080111e5   Thumb Code     0  rt_memclr_w.o(.text)
    __aeabi_memclr8                          0x080111e5   Thumb Code     0  rt_memclr_w.o(.text)
    __rt_memclr_w                            0x080111e5   Thumb Code    78  rt_memclr_w.o(.text)
    _memset_w                                0x080111e9   Thumb Code     0  rt_memclr_w.o(.text)
    strncpy                                  0x08011233   Thumb Code    86  strncpy.o(.text)
    strcmp                                   0x08011289   Thumb Code   128  strcmpv7m.o(.text)
    __use_two_region_memory                  0x08011309   Thumb Code     2  heapauxi.o(.text)
    __rt_heap_escrow$2region                 0x0801130b   Thumb Code     2  heapauxi.o(.text)
    __rt_heap_expand$2region                 0x0801130d   Thumb Code     2  heapauxi.o(.text)
    __cpp_initialize__aeabi_                 0x08011311   Thumb Code    26  init_aeabi.o(.text)
    __aeabi_errno_addr                       0x08011335   Thumb Code     8  rt_errno_addr_intlibspace.o(.text)
    __errno$intlibspace                      0x08011335   Thumb Code     0  rt_errno_addr_intlibspace.o(.text)
    __rt_errno_addr$intlibspace              0x08011335   Thumb Code     0  rt_errno_addr_intlibspace.o(.text)
    strtol                                   0x0801133d   Thumb Code   112  strtol.o(.text)
    __user_libspace                          0x080113ad   Thumb Code     8  libspace.o(.text)
    __user_perproc_libspace                  0x080113ad   Thumb Code     0  libspace.o(.text)
    __user_perthread_libspace                0x080113ad   Thumb Code     0  libspace.o(.text)
    __rt_ctype_table                         0x080113b5   Thumb Code    16  rt_ctype_table.o(.text)
    _strtoul                                 0x080113c5   Thumb Code   158  _strtoul.o(.text)
    __user_setup_stackheap                   0x08011463   Thumb Code    74  sys_stackheap_outer.o(.text)
    __rt_locale                              0x080114ad   Thumb Code     8  rt_locale_intlibspace.o(.text)
    _chval                                   0x080114b5   Thumb Code    28  _chval.o(.text)
    exit                                     0x080114d1   Thumb Code    18  exit.o(.text)
    __I$use$semihosting                      0x080114e3   Thumb Code     0  use_no_semi.o(.text)
    __use_no_semihosting_swi                 0x080114e3   Thumb Code     2  use_no_semi.o(.text)
    __semihosting_library_function           0x080114e5   Thumb Code     0  indicate_semi.o(.text)
    _sys_exit                                0x080114e5   Thumb Code     8  sys_exit.o(.text)
    Vector3f::Vector3f()                     0x080114f1   Thumb Code    18  mpu6500.o(i._ZN8Vector3fC1Ev)
    Vector3f::Vector3f__sub_object()         0x080114f1   Thumb Code     0  mpu6500.o(i._ZN8Vector3fC1Ev)
    _get_lc_ctype                            0x08011509   Thumb Code    44  lc_ctype_c.o(locale$$code)
    __aeabi_d2f                              0x08011535   Thumb Code     0  d2f.o(x$fpl$d2f)
    _d2f                                     0x08011535   Thumb Code    98  d2f.o(x$fpl$d2f)
    __aeabi_ddiv                             0x08011599   Thumb Code     0  ddiv.o(x$fpl$ddiv)
    _ddiv                                    0x08011599   Thumb Code   552  ddiv.o(x$fpl$ddiv)
    __aeabi_dmul                             0x08011849   Thumb Code     0  dmul.o(x$fpl$dmul)
    _dmul                                    0x08011849   Thumb Code   332  dmul.o(x$fpl$dmul)
    __fpl_dnaninf                            0x0801199d   Thumb Code   156  dnaninf.o(x$fpl$dnaninf)
    __fpl_dretinf                            0x08011a39   Thumb Code    12  dretinf.o(x$fpl$dretinf)
    __aeabi_f2d                              0x08011a45   Thumb Code     0  f2d.o(x$fpl$f2d)
    _f2d                                     0x08011a45   Thumb Code    86  f2d.o(x$fpl$f2d)
    __fpl_fnaninf                            0x08011a9b   Thumb Code   140  fnaninf.o(x$fpl$fnaninf)
    _fp_init                                 0x08011b27   Thumb Code    10  fpinit.o(x$fpl$fpinit)
    __fplib_config_fpu_vfp                   0x08011b2f   Thumb Code     0  fpinit.o(x$fpl$fpinit)
    __fplib_config_pureend_doubles           0x08011b2f   Thumb Code     0  fpinit.o(x$fpl$fpinit)
    __fpl_fretinf                            0x08011b31   Thumb Code    10  fretinf.o(x$fpl$fretinf)
    __I$use$fp                               0x08011b3a   Number         0  usenofp.o(x$fpl$usenofp)
    __lowest_bit_bitmap                      0x08012199   Data         256  kservice.o(.constdata)
    op_table                                 0x08012768   Data         196  finsh_ops.o(.constdata)
    __fsym_list_mem_name                     0x08012d76   Data           9  mem.o(.rodata.name)
    __fsym_list_mem_desc                     0x08012d7f   Data          30  mem.o(.rodata.name)
    __fsym_pinMode_name                      0x08012d9d   Data           8  pin.o(.rodata.name)
    __fsym_pinMode_desc                      0x08012da5   Data          22  pin.o(.rodata.name)
    __fsym_pinWrite_name                     0x08012dbb   Data           9  pin.o(.rodata.name)
    __fsym_pinWrite_desc                     0x08012dc4   Data          28  pin.o(.rodata.name)
    __fsym_pinRead_name                      0x08012de0   Data           8  pin.o(.rodata.name)
    __fsym_pinRead_desc                      0x08012de8   Data          30  pin.o(.rodata.name)
    __fsym_hello_name                        0x08012e06   Data           6  cmd.o(.rodata.name)
    __fsym_hello_desc                        0x08012e0c   Data          16  cmd.o(.rodata.name)
    __fsym_version_name                      0x08012e1c   Data           8  cmd.o(.rodata.name)
    __fsym_version_desc                      0x08012e24   Data          35  cmd.o(.rodata.name)
    __fsym_list_thread_name                  0x08012e47   Data          12  cmd.o(.rodata.name)
    __fsym_list_thread_desc                  0x08012e53   Data          12  cmd.o(.rodata.name)
    __fsym_list_sem_name                     0x08012e5f   Data           9  cmd.o(.rodata.name)
    __fsym_list_sem_desc                     0x08012e68   Data          25  cmd.o(.rodata.name)
    __fsym_list_event_name                   0x08012e81   Data          11  cmd.o(.rodata.name)
    __fsym_list_event_desc                   0x08012e8c   Data          21  cmd.o(.rodata.name)
    __fsym_list_mutex_name                   0x08012ea1   Data          11  cmd.o(.rodata.name)
    __fsym_list_mutex_desc                   0x08012eac   Data          21  cmd.o(.rodata.name)
    __fsym_list_mailbox_name                 0x08012ec1   Data          13  cmd.o(.rodata.name)
    __fsym_list_mailbox_desc                 0x08012ece   Data          24  cmd.o(.rodata.name)
    __fsym_list_msgqueue_name                0x08012ee6   Data          14  cmd.o(.rodata.name)
    __fsym_list_msgqueue_desc                0x08012ef4   Data          29  cmd.o(.rodata.name)
    __fsym_list_mempool_name                 0x08012f11   Data          13  cmd.o(.rodata.name)
    __fsym_list_mempool_desc                 0x08012f1e   Data          27  cmd.o(.rodata.name)
    __fsym_list_timer_name                   0x08012f39   Data          11  cmd.o(.rodata.name)
    __fsym_list_timer_desc                   0x08012f44   Data          21  cmd.o(.rodata.name)
    __fsym_list_device_name                  0x08012f59   Data          12  cmd.o(.rodata.name)
    __fsym_list_device_desc                  0x08012f65   Data          22  cmd.o(.rodata.name)
    __fsym_list_name                         0x08012f7b   Data           5  cmd.o(.rodata.name)
    __fsym_list_desc                         0x08012f80   Data          26  cmd.o(.rodata.name)
    __vsym_dummy_name                        0x08012f9a   Data           6  cmd.o(.rodata.name)
    __vsym_dummy_desc                        0x08012fa0   Data          25  cmd.o(.rodata.name)
    FSymTab$$Base                            0x08012fbc   Number         0  mem.o(FSymTab)
    __fsym_list_mem                          0x08012fbc   Data          12  mem.o(FSymTab)
    __fsym_pinMode                           0x08012fc8   Data          12  pin.o(FSymTab)
    __fsym_pinWrite                          0x08012fd4   Data          12  pin.o(FSymTab)
    __fsym_pinRead                           0x08012fe0   Data          12  pin.o(FSymTab)
    __fsym_hello                             0x08012fec   Data          12  cmd.o(FSymTab)
    __fsym_version                           0x08012ff8   Data          12  cmd.o(FSymTab)
    __fsym_list_thread                       0x08013004   Data          12  cmd.o(FSymTab)
    __fsym_list_sem                          0x08013010   Data          12  cmd.o(FSymTab)
    __fsym_list_event                        0x0801301c   Data          12  cmd.o(FSymTab)
    __fsym_list_mutex                        0x08013028   Data          12  cmd.o(FSymTab)
    __fsym_list_mailbox                      0x08013034   Data          12  cmd.o(FSymTab)
    __fsym_list_msgqueue                     0x08013040   Data          12  cmd.o(FSymTab)
    __fsym_list_mempool                      0x0801304c   Data          12  cmd.o(FSymTab)
    __fsym_list_timer                        0x08013058   Data          12  cmd.o(FSymTab)
    __fsym_list_device                       0x08013064   Data          12  cmd.o(FSymTab)
    __fsym_list                              0x08013070   Data          12  cmd.o(FSymTab)
    FSymTab$$Limit                           0x0801307c   Number         0  cmd.o(FSymTab)
    Region$$Table$$Base                      0x0801307c   Number         0  anon$$obj.o(Region$$Table)
    Region$$Table$$Limit                     0x0801309c   Number         0  anon$$obj.o(Region$$Table)
    VSymTab$$Base                            0x0801309c   Number         0  cmd.o(VSymTab)
    __vsym_dummy                             0x0801309c   Data          16  cmd.o(VSymTab)
    VSymTab$$Limit                           0x080130ac   Number         0  cmd.o(VSymTab)
    __ctype                                  0x080130b9   Data           0  lc_ctype_c.o(locale$$data)
    SHT$$INIT_ARRAY$$Base                    0x080131bc   Number         0  application.o(.init_array)
    SHT$$INIT_ARRAY$$Limit                   0x080131c0   Number         0  init_aeabi.o(.init_array)
    uart1                                    0x20000000   Data          32  usart.o(.data)
    uart2                                    0x20000020   Data          32  usart.o(.data)
    uart3                                    0x20000040   Data          32  usart.o(.data)
    SystemCoreClock                          0x20000060   Data           4  system_stm32f4xx.o(.data)
    AHBPrescTable                            0x20000064   Data          16  system_stm32f4xx.o(.data)
    rt_interrupt_nest                        0x2000008c   Data           1  irq.o(.data)
    rt_assert_hook                           0x20000098   Data           4  kservice.o(.data)
    rt_object_container                      0x200000bc   Data         144  object.o(.data)
    rt_object_trytake_hook                   0x20000154   Data           4  object.o(.data)
    rt_object_take_hook                      0x20000158   Data           4  object.o(.data)
    rt_object_put_hook                       0x2000015c   Data           4  object.o(.data)
    rt_current_thread                        0x20000164   Data           4  scheduler.o(.data)
    rt_current_priority                      0x20000168   Data           1  scheduler.o(.data)
    rt_thread_ready_priority_group           0x2000016c   Data           4  scheduler.o(.data)
    rt_thread_defunct                        0x20000170   Data           8  scheduler.o(.data)
    rt_interrupt_from_thread                 0x2000018c   Data           4  cpuport.o(.data)
    rt_interrupt_to_thread                   0x20000190   Data           4  cpuport.o(.data)
    rt_thread_switch_interrupt_flag          0x20000194   Data           4  cpuport.o(.data)
    shell                                    0x200001a0   Data           4  shell.o(.data)
    _syscall_table_begin                     0x200001a4   Data           4  symbol.o(.data)
    _syscall_table_end                       0x200001a8   Data           4  symbol.o(.data)
    _sysvar_table_begin                      0x200001ac   Data           4  symbol.o(.data)
    _sysvar_table_end                        0x200001b0   Data           4  symbol.o(.data)
    finsh_compile_sp                         0x200001b8   Data           4  finsh_compiler.o(.data)
    finsh_compile_pc                         0x200001bc   Data           4  finsh_compiler.o(.data)
    global_errno                             0x200001c0   Data           1  finsh_error.o(.data)
    global_sysvar_list                       0x20000208   Data           4  finsh_var.o(.data)
    finsh_sp                                 0x2000020c   Data           4  finsh_vm.o(.data)
    finsh_pc                                 0x20000210   Data           4  finsh_vm.o(.data)
    global_syscall_list                      0x20000214   Data           4  finsh_vm.o(.data)
    imu                                      0x20000230   Data         140  application.o(.bss)
    serial1                                  0x200002bc   Data          84  usart.o(.bss)
    serial2                                  0x20000310   Data          84  usart.o(.bss)
    serial3                                  0x20000364   Data          84  usart.o(.bss)
    rt_thread_priority_table                 0x200008d8   Data         256  scheduler.o(.bss)
    finsh_heap                               0x2000129c   Data         128  finsh_heap.o(.bss)
    global_node_table                        0x2000131c   Data         320  finsh_node.o(.bss)
    global_variable                          0x2000145c   Data         192  finsh_var.o(.bss)
    finsh_vm_stack                           0x2000151c   Data         256  finsh_vm.o(.bss)
    text_segment                             0x2000161c   Data         128  finsh_vm.o(.bss)
    __libspace_start                         0x20001814   Data          96  libspace.o(.bss)
    __temporary_stack_top$libspace           0x20001874   Data           0  libspace.o(.bss)
    Image$$RW_IRAM1$$ZI$$Limit               0x20001e78   Number         0  anon$$obj.o ABSOLUTE



==============================================================================

Memory Map of the image

  Image Entry point : 0x08000189

  Load Region LR_IROM1 (Base: 0x08000000, Size: 0x000133f0, Max: 0x00100000, ABSOLUTE, COMPRESSED[0x00013288])

    Execution Region ER_IROM1 (Base: 0x08000000, Size: 0x000131c0, Max: 0x00100000, ABSOLUTE)

    Base Addr    Size         Type   Attr      Idx    E Section Name        Object

    0x08000000   0x00000188   Data   RO          958    RESET               startup_stm32f4xx.o
    0x08000188   0x00000008   Code   RO         1773  * !!!main             c_w.l(__main.o)
    0x08000190   0x00000034   Code   RO         1978    !!!scatter          c_w.l(__scatter.o)
    0x080001c4   0x0000005a   Code   RO         1976    !!dczerorl2         c_w.l(__dczerorl2.o)
    0x0800021e   0x00000002   PAD
    0x08000220   0x0000001c   Code   RO         1980    !!handler_zi        c_w.l(__scatter_zi.o)
    0x0800023c   0x00000002   Code   RO         1902    .ARM.Collect$$libinit$$00000000  c_w.l(libinit.o)
    0x0800023e   0x00000004   Code   RO         1799    .ARM.Collect$$libinit$$00000001  c_w.l(libinit2.o)
    0x08000242   0x00000000   Code   RO         1802    .ARM.Collect$$libinit$$00000004  c_w.l(libinit2.o)
    0x08000242   0x00000000   Code   RO         1805    .ARM.Collect$$libinit$$0000000A  c_w.l(libinit2.o)
    0x08000242   0x00000000   Code   RO         1807    .ARM.Collect$$libinit$$0000000C  c_w.l(libinit2.o)
    0x08000242   0x00000000   Code   RO         1809    .ARM.Collect$$libinit$$0000000E  c_w.l(libinit2.o)
    0x08000242   0x00000006   Code   RO         1810    .ARM.Collect$$libinit$$0000000F  c_w.l(libinit2.o)
    0x08000248   0x00000000   Code   RO         1812    .ARM.Collect$$libinit$$00000011  c_w.l(libinit2.o)
    0x08000248   0x0000000c   Code   RO         1813    .ARM.Collect$$libinit$$00000012  c_w.l(libinit2.o)
    0x08000254   0x00000000   Code   RO         1814    .ARM.Collect$$libinit$$00000013  c_w.l(libinit2.o)
    0x08000254   0x00000000   Code   RO         1816    .ARM.Collect$$libinit$$00000015  c_w.l(libinit2.o)
    0x08000254   0x00000000   Code   RO         1818    .ARM.Collect$$libinit$$00000017  c_w.l(libinit2.o)
    0x08000254   0x00000000   Code   RO         1820    .ARM.Collect$$libinit$$00000019  c_w.l(libinit2.o)
    0x08000254   0x00000000   Code   RO         1822    .ARM.Collect$$libinit$$0000001B  c_w.l(libinit2.o)
    0x08000254   0x00000000   Code   RO         1824    .ARM.Collect$$libinit$$0000001D  c_w.l(libinit2.o)
    0x08000254   0x00000000   Code   RO         1826    .ARM.Collect$$libinit$$0000001F  c_w.l(libinit2.o)
    0x08000254   0x00000000   Code   RO         1828    .ARM.Collect$$libinit$$00000021  c_w.l(libinit2.o)
    0x08000254   0x00000000   Code   RO         1830    .ARM.Collect$$libinit$$00000023  c_w.l(libinit2.o)
    0x08000254   0x00000000   Code   RO         1832    .ARM.Collect$$libinit$$00000025  c_w.l(libinit2.o)
    0x08000254   0x00000000   Code   RO         1836    .ARM.Collect$$libinit$$0000002C  c_w.l(libinit2.o)
    0x08000254   0x00000000   Code   RO         1838    .ARM.Collect$$libinit$$0000002E  c_w.l(libinit2.o)
    0x08000254   0x00000000   Code   RO         1840    .ARM.Collect$$libinit$$00000030  c_w.l(libinit2.o)
    0x08000254   0x00000004   Code   RO         1841    .ARM.Collect$$libinit$$00000031  c_w.l(libinit2.o)
    0x08000258   0x00000000   Code   RO         1842    .ARM.Collect$$libinit$$00000032  c_w.l(libinit2.o)
    0x08000258   0x00000002   Code   RO         1843    .ARM.Collect$$libinit$$00000033  c_w.l(libinit2.o)
    0x0800025a   0x00000002   Code   RO         1937    .ARM.Collect$$libshutdown$$00000000  c_w.l(libshutdown.o)
    0x0800025c   0x00000000   Code   RO         1943    .ARM.Collect$$libshutdown$$00000002  c_w.l(libshutdown2.o)
    0x0800025c   0x00000000   Code   RO         1945    .ARM.Collect$$libshutdown$$00000004  c_w.l(libshutdown2.o)
    0x0800025c   0x00000000   Code   RO         1948    .ARM.Collect$$libshutdown$$00000007  c_w.l(libshutdown2.o)
    0x0800025c   0x00000000   Code   RO         1951    .ARM.Collect$$libshutdown$$0000000A  c_w.l(libshutdown2.o)
    0x0800025c   0x00000000   Code   RO         1953    .ARM.Collect$$libshutdown$$0000000C  c_w.l(libshutdown2.o)
    0x0800025c   0x00000000   Code   RO         1956    .ARM.Collect$$libshutdown$$0000000F  c_w.l(libshutdown2.o)
    0x0800025c   0x00000002   Code   RO         1957    .ARM.Collect$$libshutdown$$00000010  c_w.l(libshutdown2.o)
    0x0800025e   0x00000000   Code   RO         1791    .ARM.Collect$$rtentry$$00000000  c_w.l(__rtentry.o)
    0x0800025e   0x00000000   Code   RO         1857    .ARM.Collect$$rtentry$$00000002  c_w.l(__rtentry2.o)
    0x0800025e   0x00000006   Code   RO         1869    .ARM.Collect$$rtentry$$00000004  c_w.l(__rtentry4.o)
    0x08000264   0x00000000   Code   RO         1859    .ARM.Collect$$rtentry$$00000009  c_w.l(__rtentry2.o)
    0x08000264   0x00000004   Code   RO         1860    .ARM.Collect$$rtentry$$0000000A  c_w.l(__rtentry2.o)
    0x08000268   0x00000000   Code   RO         1862    .ARM.Collect$$rtentry$$0000000C  c_w.l(__rtentry2.o)
    0x08000268   0x00000008   Code   RO         1863    .ARM.Collect$$rtentry$$0000000D  c_w.l(__rtentry2.o)
    0x08000270   0x00000002   Code   RO         1905    .ARM.Collect$$rtexit$$00000000  c_w.l(rtexit.o)
    0x08000272   0x00000000   Code   RO         1917    .ARM.Collect$$rtexit$$00000002  c_w.l(rtexit2.o)
    0x08000272   0x00000004   Code   RO         1918    .ARM.Collect$$rtexit$$00000003  c_w.l(rtexit2.o)
    0x08000276   0x00000006   Code   RO         1919    .ARM.Collect$$rtexit$$00000004  c_w.l(rtexit2.o)
    0x0800027c   0x000000cc   Code   RO            2    .text               application.o
    0x08000348   0x000000cc   Code   RO          168    .text               startup.o
    0x08000414   0x000000b8   Code   RO          195    .text               board.o
    0x080004cc   0x00000010   Code   RO          362    .text               stm32f4xx_it.o
    0x080004dc   0x000005e4   Code   RO          382    .text               usart.o
    0x08000ac0   0x0000010c   Code   RO          419    .text               gpio.o
    0x08000bcc   0x00000210   Code   RO          437    .text               system_stm32f4xx.o
    0x08000ddc   0x000001ec   Code   RO          459    .text               misc.o
    0x08000fc8   0x000013cc   Code   RO          635    .text               stm32f4xx_dma.o
    0x08002394   0x00000916   Code   RO          699    .text               stm32f4xx_gpio.o
    0x08002caa   0x00000002   PAD
    0x08002cac   0x00000d7c   Code   RO          811    .text               stm32f4xx_rcc.o
    0x08003a28   0x00000bc8   Code   RO          877    .text               stm32f4xx_spi.o
    0x080045f0   0x00000eb4   Code   RO          925    .text               stm32f4xx_usart.o
    0x080054a4   0x00000040   Code   RO          959    .text               startup_stm32f4xx.o
    0x080054e4   0x00000064   Code   RO          963    .text               clock.o
    0x08005548   0x00000324   Code   RO          983    .text               device.o
    0x0800586c   0x00000134   Code   RO          997    .text               idle.o
    0x080059a0   0x00001654   Code   RO         1017    .text               ipc.o
    0x08006ff4   0x00000048   Code   RO         1034    .text               irq.o
    0x0800703c   0x00000a4c   Code   RO         1049    .text               kservice.o
    0x08007a88   0x00000874   Code   RO         1069    .text               mem.o
    0x080082fc   0x000002dc   Code   RO         1117    .text               object.o
    0x080085d8   0x000002e8   Code   RO         1136    .text               scheduler.o
    0x080088c0   0x00000598   Code   RO         1157    .text               thread.o
    0x08008e58   0x0000045c   Code   RO         1174    .text               timer.o
    0x080092b4   0x00000190   Code   RO         1193    .text               cpuport.o
    0x08009444   0x0000010c   Code   RO         1209    .text               context_rvds.o
    0x08009550   0x000001a8   Code   RO         1247    .text               pin.o
    0x080096f8   0x00000bb4   Code   RO         1265    .text               serial.o
    0x0800a2ac   0x000001c8   Code   RO         1279    .text               completion.o
    0x0800a474   0x00000414   Code   RO         1295    .text               dataqueue.o
    0x0800a888   0x000009e4   Code   RO         1381    .text               shell.o
    0x0800b26c   0x00000d4c   Code   RO         1415    .text               cmd.o
    0x0800bfb8   0x00001818   Code   RO         1439    .text               finsh_compiler.o
    0x0800d7d0   0x0000002c   Code   RO         1476    .text               finsh_error.o
    0x0800d7fc   0x00000210   Code   RO         1492    .text               finsh_heap.o
    0x0800da0c   0x00000058   Code   RO         1508    .text               finsh_init.o
    0x0800da64   0x00000184   Code   RO         1526    .text               finsh_node.o
    0x0800dbe8   0x00000adc   Code   RO         1541    .text               finsh_ops.o
    0x0800e6c4   0x0000097c   Code   RO         1559    .text               finsh_parser.o
    0x0800f040   0x0000019c   Code   RO         1574    .text               finsh_var.o
    0x0800f1dc   0x000000e4   Code   RO         1597    .text               finsh_vm.o
    0x0800f2c0   0x00000680   Code   RO         1624    .text               finsh_token.o
    0x0800f940   0x000009dc   Code   RO         1640    .text               mpu6500.o
    0x0801031c   0x000005f8   Code   RO         1669    .text               spi_core.o
    0x08010914   0x00000284   Code   RO         1682    .text               spi_dev.o
    0x08010b98   0x00000188   Code   RO         1696    .text               hardward_bus.o
    0x08010d20   0x000002a4   Code   RO         1734    .text               stm32_hw_spi.o
    0x08010fc4   0x0000001a   Code   RO         1753    .text               c_w.l(atoi.o)
    0x08010fde   0x0000003e   Code   RO         1755    .text               c_w.l(strlen.o)
    0x0801101c   0x00000096   Code   RO         1757    .text               c_w.l(strncmp.o)
    0x080110b2   0x0000008a   Code   RO         1759    .text               c_w.l(rt_memcpy_v6.o)
    0x0801113c   0x00000064   Code   RO         1761    .text               c_w.l(rt_memcpy_w.o)
    0x080111a0   0x00000044   Code   RO         1763    .text               c_w.l(rt_memclr.o)
    0x080111e4   0x0000004e   Code   RO         1765    .text               c_w.l(rt_memclr_w.o)
    0x08011232   0x00000056   Code   RO         1767    .text               c_w.l(strncpy.o)
    0x08011288   0x00000080   Code   RO         1769    .text               c_w.l(strcmpv7m.o)
    0x08011308   0x00000006   Code   RO         1771    .text               c_w.l(heapauxi.o)
    0x0801130e   0x00000002   PAD
    0x08011310   0x00000024   Code   RO         1778    .text               c_w.l(init_aeabi.o)
    0x08011334   0x00000008   Code   RO         1795    .text               c_w.l(rt_errno_addr_intlibspace.o)
    0x0801133c   0x00000070   Code   RO         1797    .text               c_w.l(strtol.o)
    0x080113ac   0x00000008   Code   RO         1853    .text               c_w.l(libspace.o)
    0x080113b4   0x00000010   Code   RO         1871    .text               c_w.l(rt_ctype_table.o)
    0x080113c4   0x0000009e   Code   RO         1873    .text               c_w.l(_strtoul.o)
    0x08011462   0x0000004a   Code   RO         1879    .text               c_w.l(sys_stackheap_outer.o)
    0x080114ac   0x00000008   Code   RO         1884    .text               c_w.l(rt_locale_intlibspace.o)
    0x080114b4   0x0000001c   Code   RO         1886    .text               c_w.l(_chval.o)
    0x080114d0   0x00000012   Code   RO         1891    .text               c_w.l(exit.o)
    0x080114e2   0x00000002   Code   RO         1913    .text               c_w.l(use_no_semi.o)
    0x080114e4   0x00000000   Code   RO         1915    .text               c_w.l(indicate_semi.o)
    0x080114e4   0x0000000c   Code   RO         1929    .text               c_w.l(sys_exit.o)
    0x080114f0   0x00000018   Code   RO         1653    i._ZN8Vector3fC1Ev  mpu6500.o
    0x08011508   0x0000002c   Code   RO         1889    locale$$code        c_w.l(lc_ctype_c.o)
    0x08011534   0x00000062   Code   RO         1781    x$fpl$d2f           fz_wm.l(d2f.o)
    0x08011596   0x00000002   PAD
    0x08011598   0x000002b0   Code   RO         1784    x$fpl$ddiv          fz_wm.l(ddiv.o)
    0x08011848   0x00000154   Code   RO         1787    x$fpl$dmul          fz_wm.l(dmul.o)
    0x0801199c   0x0000009c   Code   RO         1844    x$fpl$dnaninf       fz_wm.l(dnaninf.o)
    0x08011a38   0x0000000c   Code   RO         1846    x$fpl$dretinf       fz_wm.l(dretinf.o)
    0x08011a44   0x00000056   Code   RO         1789    x$fpl$f2d           fz_wm.l(f2d.o)
    0x08011a9a   0x0000008c   Code   RO         1848    x$fpl$fnaninf       fz_wm.l(fnaninf.o)
    0x08011b26   0x0000000a   Code   RO         1877    x$fpl$fpinit        fz_wm.l(fpinit.o)
    0x08011b30   0x0000000a   Code   RO         1850    x$fpl$fretinf       fz_wm.l(fretinf.o)
    0x08011b3a   0x00000000   Code   RO         1852    x$fpl$usenofp       fz_wm.l(usenofp.o)
    0x08011b3a   0x00000002   PAD
    0x08011b3c   0x0000005c   Data   RO          384    .constdata          usart.o
    0x08011b98   0x0000036c   Data   RO          420    .constdata          gpio.o
    0x08011f04   0x000000a8   Data   RO          984    .constdata          device.o
    0x08011fac   0x00000016   Data   RO          999    .constdata          idle.o
    0x08011fc2   0x000001d7   Data   RO         1018    .constdata          ipc.o
    0x08012199   0x00000122   Data   RO         1051    .constdata          kservice.o
    0x080122bb   0x00000046   Data   RO         1071    .constdata          mem.o
    0x08012301   0x0000005e   Data   RO         1118    .constdata          object.o
    0x0801235f   0x0000004e   Data   RO         1138    .constdata          scheduler.o
    0x080123ad   0x000000aa   Data   RO         1158    .constdata          thread.o
    0x08012457   0x0000005c   Data   RO         1175    .constdata          timer.o
    0x080124b3   0x00000013   Data   RO         1194    .constdata          cpuport.o
    0x080124c6   0x00000047   Data   RO         1249    .constdata          pin.o
    0x0801250d   0x00000124   Data   RO         1266    .constdata          serial.o
    0x08012631   0x00000039   Data   RO         1280    .constdata          completion.o
    0x0801266a   0x0000004b   Data   RO         1296    .constdata          dataqueue.o
    0x080126b5   0x00000060   Data   RO         1383    .constdata          shell.o
    0x08012715   0x00000003   PAD
    0x08012718   0x00000050   Data   RO         1416    .constdata          cmd.o
    0x08012768   0x000000c4   Data   RO         1542    .constdata          finsh_ops.o
    0x0801282c   0x00000040   Data   RO         1625    .constdata          finsh_token.o
    0x0801286c   0x0000000c   Data   RO         1642    .constdata          mpu6500.o
    0x08012878   0x000000a3   Data   RO         1670    .constdata          spi_core.o
    0x0801291b   0x000000d9   Data   RO         1683    .constdata          spi_dev.o
    0x080129f4   0x000000ed   Data   RO         1072    .conststring        mem.o
    0x08012ae1   0x00000003   PAD
    0x08012ae4   0x0000015d   Data   RO         1417    .conststring        cmd.o
    0x08012c41   0x00000003   PAD
    0x08012c44   0x000000f3   Data   RO         1477    .conststring        finsh_error.o
    0x08012d37   0x00000001   PAD
    0x08012d38   0x0000003e   Data   RO         1626    .conststring        finsh_token.o
    0x08012d76   0x00000027   Data   RO         1074    .rodata.name        mem.o
    0x08012d9d   0x00000069   Data   RO         1250    .rodata.name        pin.o
    0x08012e06   0x000001b3   Data   RO         1419    .rodata.name        cmd.o
    0x08012fb9   0x00000003   PAD
    0x08012fbc   0x0000000c   Data   RO         1075    FSymTab             mem.o
    0x08012fc8   0x00000024   Data   RO         1251    FSymTab             pin.o
    0x08012fec   0x00000090   Data   RO         1420    FSymTab             cmd.o
    0x0801307c   0x00000020   Data   RO         1974    Region$$Table       anon$$obj.o
    0x0801309c   0x00000010   Data   RO         1421    VSymTab             cmd.o
    0x080130ac   0x00000110   Data   RO         1888    locale$$data        c_w.l(lc_ctype_c.o)
    0x080131bc   0x00000004   Data   RO            5    .init_array         application.o
    0x080131c0   0x00000000   Data   RO         1776    .init_array         c_w.l(init_aeabi.o)


    Execution Region RW_IRAM1 (Base: 0x20000000, Size: 0x00001e78, Max: 0x00020000, ABSOLUTE, COMPRESSED[0x000000c8])

    Base Addr    Size         Type   Attr      Idx    E Section Name        Object

    0x20000000   0x00000060   Data   RW          385    .data               usart.o
    0x20000060   0x00000014   Data   RW          438    .data               system_stm32f4xx.o
    0x20000074   0x00000010   Data   RW          812    .data               stm32f4xx_rcc.o
    0x20000084   0x00000004   Data   RW          964    .data               clock.o
    0x20000088   0x00000004   Data   RW         1000    .data               idle.o
    0x2000008c   0x00000001   Data   RW         1035    .data               irq.o
    0x2000008d   0x00000003   PAD
    0x20000090   0x0000000c   Data   RW         1052    .data               kservice.o
    0x2000009c   0x00000020   Data   RW         1073    .data               mem.o
    0x200000bc   0x000000a4   Data   RW         1119    .data               object.o
    0x20000160   0x0000001c   Data   RW         1139    .data               scheduler.o
    0x2000017c   0x00000010   Data   RW         1176    .data               timer.o
    0x2000018c   0x00000010   Data   RW         1195    .data               cpuport.o
    0x2000019c   0x00000004   Data   RW         1267    .data               serial.o
    0x200001a0   0x00000004   Data   RW         1384    .data               shell.o
    0x200001a4   0x00000010   Data   RW         1402    .data               symbol.o
    0x200001b4   0x00000004   Data   RW         1418    .data               cmd.o
    0x200001b8   0x00000008   Data   RW         1440    .data               finsh_compiler.o
    0x200001c0   0x00000040   Data   RW         1478    .data               finsh_error.o
    0x20000200   0x00000008   Data   RW         1494    .data               finsh_heap.o
    0x20000208   0x00000004   Data   RW         1576    .data               finsh_var.o
    0x2000020c   0x0000000c   Data   RW         1599    .data               finsh_vm.o
    0x20000218   0x00000010   Data   RW         1698    .data               hardward_bus.o
    0x20000228   0x00000008   Data   RW         1735    .data               stm32_hw_spi.o
    0x20000230   0x0000008c   Zero   RW            4    .bss                application.o
    0x200002bc   0x000000fc   Zero   RW          383    .bss                usart.o
    0x200003b8   0x00000480   Zero   RW          998    .bss                idle.o
    0x20000838   0x00000080   Zero   RW         1050    .bss                kservice.o
    0x200008b8   0x00000020   Zero   RW         1070    .bss                mem.o
    0x200008d8   0x00000100   Zero   RW         1137    .bss                scheduler.o
    0x200009d8   0x00000044   Zero   RW         1248    .bss                pin.o
    0x20000a1c   0x00000880   Zero   RW         1382    .bss                shell.o
    0x2000129c   0x00000080   Zero   RW         1493    .bss                finsh_heap.o
    0x2000131c   0x00000140   Zero   RW         1527    .bss                finsh_node.o
    0x2000145c   0x000000c0   Zero   RW         1575    .bss                finsh_var.o
    0x2000151c   0x00000180   Zero   RW         1598    .bss                finsh_vm.o
    0x2000169c   0x00000178   Zero   RW         1697    .bss                hardward_bus.o
    0x20001814   0x00000060   Zero   RW         1854    .bss                c_w.l(libspace.o)
    0x20001874   0x00000004   PAD
    0x20001878   0x00000200   Zero   RW          957    HEAP                startup_stm32f4xx.o
    0x20001a78   0x00000400   Zero   RW          956    STACK               startup_stm32f4xx.o


==============================================================================

Image component sizes


      Code (inc. data)   RO Data    RW Data    ZI Data      Debug   Object Name

       204         34          4          0        140     227458   application.o
       184         18          0          0          0     291971   board.o
       100          6          0          4          0       1656   clock.o
      3404       1298       1024          4          0      11687   cmd.o
       456        124         57          0          0       3231   completion.o
       268         24          0          0          0        832   context_rvds.o
       400        188         19         16          0       3823   cpuport.o
      1044        114         75          0          0       6425   dataqueue.o
       804        132        168          0          0       4989   device.o
      6168        154          0          8          0      11074   finsh_compiler.o
        44         10        243         64          0       1789   finsh_error.o
       528         18          0          8        128       3519   finsh_heap.o
        88          6          0          0          0       1720   finsh_init.o
       388          4          0          0        320       3536   finsh_node.o
      2780         36        196          0          0       8964   finsh_ops.o
      2428         32          0          0          0       9861   finsh_parser.o
      1664         16        126          0          0       6340   finsh_token.o
       412         18          0          4        192       7557   finsh_var.o
       228         34          0         12        384       7198   finsh_vm.o
       268         12        876          0          0       2634   gpio.o
       392         78          0         16        376       1146   hardward_bus.o
       308         74         22          4       1152       3263   idle.o
      5716        422        471          0          0      20483   ipc.o
        72          6          0          1          0       1478   irq.o
      2636        230        290         12        128      12060   kservice.o
      2164        560        358         32         32       9738   mem.o
       492         74          0          0          0       2213   misc.o
      2548        434         12          0          0      11548   mpu6500.o
       732        150         94        164          0       6144   object.o
       424         82        212          0         68       4100   pin.o
       744        150         78         28        256       5117   scheduler.o
      2996        438        292          4          0       9233   serial.o
      2532        276         96          4       2176       6135   shell.o
      1528        112        163          0          0       5754   spi_core.o
       644        172        217          0          0       4119   spi_dev.o
       204         98          0          0          0       1471   startup.o
        64         26        392          0       1536        936   startup_stm32f4xx.o
       676         32          0          8          0       2941   stm32_hw_spi.o
      5068        352          0          0          0       9137   stm32f4xx_dma.o
      2326        132          0          0          0       5593   stm32f4xx_gpio.o
        16          0          0          0          0        876   stm32f4xx_it.o
      3452        262          0         16          0      13731   stm32f4xx_rcc.o
      3016        118          0          0          0       8717   stm32f4xx_spi.o
      3764        164          0          0          0      10264   stm32f4xx_usart.o
         0          0          0         16          0       4369   symbol.o
       528         46          0         20          0       2147   system_stm32f4xx.o
      1432        206        170          0          0       7941   thread.o
      1116        100         92         16          0       7263   timer.o
      1508        158         92         96        252      30883   usart.o

    ----------------------------------------------------------------------
     68960       7230       5884        560       7140     825064   Object Totals
         0          0         32          0          0          0   (incl. Generated)
         2          0         13          3          0          0   (incl. Padding)

    ----------------------------------------------------------------------

      Code (inc. data)   RO Data    RW Data    ZI Data      Debug   Library Member Name

        90          0          0          0          0          0   __dczerorl2.o
         8          0          0          0          0         68   __main.o
         0          0          0          0          0          0   __rtentry.o
        12          0          0          0          0          0   __rtentry2.o
         6          0          0          0          0          0   __rtentry4.o
        52          8          0          0          0          0   __scatter.o
        28          0          0          0          0          0   __scatter_zi.o
        28          0          0          0          0         68   _chval.o
       158          0          0          0          0         92   _strtoul.o
        26          0          0          0          0         80   atoi.o
        18          0          0          0          0         80   exit.o
         6          0          0          0          0        152   heapauxi.o
         0          0          0          0          0          0   indicate_semi.o
        36         10          0          0          0         80   init_aeabi.o
        44         10        272          0          0         76   lc_ctype_c.o
         2          0          0          0          0          0   libinit.o
        28          0          0          0          0          0   libinit2.o
         2          0          0          0          0          0   libshutdown.o
         2          0          0          0          0          0   libshutdown2.o
         8          4          0          0         96         68   libspace.o
        16          4          0          0          0         76   rt_ctype_table.o
         8          4          0          0          0         68   rt_errno_addr_intlibspace.o
         8          4          0          0          0         68   rt_locale_intlibspace.o
        68          0          0          0          0         68   rt_memclr.o
        78          0          0          0          0         80   rt_memclr_w.o
       138          0          0          0          0         68   rt_memcpy_v6.o
       100          0          0          0          0         80   rt_memcpy_w.o
         2          0          0          0          0          0   rtexit.o
        10          0          0          0          0          0   rtexit2.o
       128          0          0          0          0         68   strcmpv7m.o
        62          0          0          0          0         76   strlen.o
       150          0          0          0          0         80   strncmp.o
        86          0          0          0          0         76   strncpy.o
       112          0          0          0          0         88   strtol.o
        12          4          0          0          0         68   sys_exit.o
        74          0          0          0          0         80   sys_stackheap_outer.o
         2          0          0          0          0         68   use_no_semi.o
        98          4          0          0          0        140   d2f.o
       688        140          0          0          0        256   ddiv.o
       340         12          0          0          0        152   dmul.o
       156          4          0          0          0        140   dnaninf.o
        12          0          0          0          0        116   dretinf.o
        86          4          0          0          0        132   f2d.o
       140          4          0          0          0        132   fnaninf.o
        10          0          0          0          0        116   fpinit.o
        10          0          0          0          0        116   fretinf.o
         0          0          0          0          0          0   usenofp.o

    ----------------------------------------------------------------------
      3156        216        272          0        100       3176   Library Totals
         8          0          0          0          4          0   (incl. Padding)

    ----------------------------------------------------------------------

      Code (inc. data)   RO Data    RW Data    ZI Data      Debug   Library Name

      1608         48        272          0         96       1876   c_w.l
      1540        168          0          0          0       1300   fz_wm.l

    ----------------------------------------------------------------------
      3156        216        272          0        100       3176   Library Totals

    ----------------------------------------------------------------------

==============================================================================


      Code (inc. data)   RO Data    RW Data    ZI Data      Debug   

     72116       7446       6156        560       7240     818200   Grand Totals
     72116       7446       6156        200       7240     818200   ELF Image Totals (compressed)
     72116       7446       6156        200          0          0   ROM Totals

==============================================================================

    Total RO  Size (Code + RO Data)                78272 (  76.44kB)
    Total RW  Size (RW Data + ZI Data)              7800 (   7.62kB)
    Total ROM Size (Code + RO Data + RW Data)      78472 (  76.63kB)

==============================================================================

